Component: ARM Compiler 5.06 (build 20) Tool: armlink [4d35a3]

==============================================================================

Section Cross References

    startup_stm32f103xb.o(STACK) refers (Special) to heapauxi.o(.text) for __use_two_region_memory
    startup_stm32f103xb.o(HEAP) refers (Special) to heapauxi.o(.text) for __use_two_region_memory
    startup_stm32f103xb.o(RESET) refers (Special) to heapauxi.o(.text) for __use_two_region_memory
    startup_stm32f103xb.o(RESET) refers to startup_stm32f103xb.o(STACK) for __initial_sp
    startup_stm32f103xb.o(RESET) refers to startup_stm32f103xb.o(.text) for Reset_Handler
    startup_stm32f103xb.o(RESET) refers to stm32f1xx_it.o(i.NMI_Handler) for NMI_Handler
    startup_stm32f103xb.o(RESET) refers to stm32f1xx_it.o(i.HardFault_Handler) for HardFault_Handler
    startup_stm32f103xb.o(RESET) refers to stm32f1xx_it.o(i.MemManage_Handler) for MemManage_Handler
    startup_stm32f103xb.o(RESET) refers to stm32f1xx_it.o(i.BusFault_Handler) for BusFault_Handler
    startup_stm32f103xb.o(RESET) refers to stm32f1xx_it.o(i.UsageFault_Handler) for UsageFault_Handler
    startup_stm32f103xb.o(RESET) refers to stm32f1xx_it.o(i.SVC_Handler) for SVC_Handler
    startup_stm32f103xb.o(RESET) refers to stm32f1xx_it.o(i.DebugMon_Handler) for DebugMon_Handler
    startup_stm32f103xb.o(RESET) refers to stm32f1xx_it.o(i.PendSV_Handler) for PendSV_Handler
    startup_stm32f103xb.o(RESET) refers to stm32f1xx_it.o(i.SysTick_Handler) for SysTick_Handler
    startup_stm32f103xb.o(RESET) refers to stm32f1xx_it.o(i.USB_LP_CAN1_RX0_IRQHandler) for USB_LP_CAN1_RX0_IRQHandler
    startup_stm32f103xb.o(.text) refers (Special) to heapauxi.o(.text) for __use_two_region_memory
    startup_stm32f103xb.o(.text) refers to system_stm32f1xx.o(i.SystemInit) for SystemInit
    startup_stm32f103xb.o(.text) refers to __main.o(!!!main) for __main
    startup_stm32f103xb.o(.text) refers to startup_stm32f103xb.o(HEAP) for Heap_Mem
    startup_stm32f103xb.o(.text) refers to startup_stm32f103xb.o(STACK) for Stack_Mem
    main.o(i.MX_GPIO_Init) refers to stm32f1xx_hal_gpio.o(i.HAL_GPIO_WritePin) for HAL_GPIO_WritePin
    main.o(i.MX_GPIO_Init) refers to stm32f1xx_hal_gpio.o(i.HAL_GPIO_Init) for HAL_GPIO_Init
    main.o(i.SystemClock_Config) refers to rt_memclr_w.o(.text) for __aeabi_memclr4
    main.o(i.SystemClock_Config) refers to stm32f1xx_hal_rcc.o(i.HAL_RCC_OscConfig) for HAL_RCC_OscConfig
    main.o(i.SystemClock_Config) refers to stm32f1xx_hal_rcc.o(i.HAL_RCC_ClockConfig) for HAL_RCC_ClockConfig
    main.o(i.SystemClock_Config) refers to stm32f1xx_hal_rcc_ex.o(i.HAL_RCCEx_PeriphCLKConfig) for HAL_RCCEx_PeriphCLKConfig
    main.o(i.clear_columns) refers to stm32f1xx_hal_gpio.o(i.HAL_GPIO_WritePin) for HAL_GPIO_WritePin
    main.o(i.main) refers to stm32f1xx_hal.o(i.HAL_Init) for HAL_Init
    main.o(i.main) refers to main.o(i.SystemClock_Config) for SystemClock_Config
    main.o(i.main) refers to main.o(i.MX_GPIO_Init) for MX_GPIO_Init
    main.o(i.main) refers to usb_device.o(i.MX_USB_DEVICE_Init) for MX_USB_DEVICE_Init
    main.o(i.main) refers to stm32f1xx_hal_uart.o(i.HAL_UART_Init) for HAL_UART_Init
    main.o(i.main) refers to stm32f1xx_hal_gpio.o(i.HAL_GPIO_WritePin) for HAL_GPIO_WritePin
    main.o(i.main) refers to main.o(i.clear_columns) for clear_columns
    main.o(i.main) refers to main.o(i.toggle_column) for toggle_column
    main.o(i.main) refers to stm32f1xx_hal_gpio.o(i.HAL_GPIO_ReadPin) for HAL_GPIO_ReadPin
    main.o(i.main) refers to usbd_hid.o(i.USBD_HID_SendReport) for USBD_HID_SendReport
    main.o(i.main) refers to stm32f1xx_hal_uart.o(i.HAL_UART_Transmit) for HAL_UART_Transmit
    main.o(i.main) refers to stm32f1xx_hal.o(i.HAL_Delay) for HAL_Delay
    main.o(i.main) refers to main.o(.bss) for .bss
    main.o(i.main) refers to main.o(.data) for .data
    main.o(i.main) refers to usb_device.o(.bss) for hUsbDeviceFS
    main.o(i.toggle_column) refers to stm32f1xx_hal_gpio.o(i.HAL_GPIO_WritePin) for HAL_GPIO_WritePin
    main.o(i.toggle_column) refers to main.o(.data) for .data
    stm32f1xx_it.o(i.SysTick_Handler) refers to stm32f1xx_hal.o(i.HAL_IncTick) for HAL_IncTick
    stm32f1xx_it.o(i.USB_LP_CAN1_RX0_IRQHandler) refers to stm32f1xx_hal_pcd.o(i.HAL_PCD_IRQHandler) for HAL_PCD_IRQHandler
    stm32f1xx_it.o(i.USB_LP_CAN1_RX0_IRQHandler) refers to usbd_conf.o(.bss) for hpcd_USB_FS
    stm32f1xx_hal_msp.o(i.HAL_UART_MspDeInit) refers to stm32f1xx_hal_gpio.o(i.HAL_GPIO_DeInit) for HAL_GPIO_DeInit
    stm32f1xx_hal_msp.o(i.HAL_UART_MspInit) refers to stm32f1xx_hal_gpio.o(i.HAL_GPIO_Init) for HAL_GPIO_Init
    usb_device.o(i.MX_USB_DEVICE_Init) refers to usbd_core.o(i.USBD_Init) for USBD_Init
    usb_device.o(i.MX_USB_DEVICE_Init) refers to main.o(i.Error_Handler) for Error_Handler
    usb_device.o(i.MX_USB_DEVICE_Init) refers to usbd_core.o(i.USBD_RegisterClass) for USBD_RegisterClass
[...]
    ../clib/angel/boardlib.s                 0x00000000   Number         0  boardinit3.o ABSOLUTE
    ../clib/angel/boardlib.s                 0x00000000   Number         0  boardinit2.o ABSOLUTE
    ../clib/angel/dczerorl2.s                0x00000000   Number         0  __dczerorl2.o ABSOLUTE
    ../clib/angel/handlers.s                 0x00000000   Number         0  __scatter_zi.o ABSOLUTE
    ../clib/angel/kernel.s                   0x00000000   Number         0  rtexit2.o ABSOLUTE
    ../clib/angel/kernel.s                   0x00000000   Number         0  __rtentry.o ABSOLUTE
    ../clib/angel/kernel.s                   0x00000000   Number         0  __rtentry4.o ABSOLUTE
    ../clib/angel/kernel.s                   0x00000000   Number         0  rtexit.o ABSOLUTE
    ../clib/angel/kernel.s                   0x00000000   Number         0  __rtentry2.o ABSOLUTE
    ../clib/angel/rt.s                       0x00000000   Number         0  rt_raise.o ABSOLUTE
    ../clib/angel/scatter.s                  0x00000000   Number         0  __scatter.o ABSOLUTE
    ../clib/angel/startup.s                  0x00000000   Number         0  __main.o ABSOLUTE
    ../clib/angel/sys.s                      0x00000000   Number         0  indicate_semi.o ABSOLUTE
    ../clib/angel/sys.s                      0x00000000   Number         0  libspace.o ABSOLUTE
    ../clib/angel/sys.s                      0x00000000   Number         0  sys_stackheap_outer.o ABSOLUTE
    ../clib/angel/sys.s                      0x00000000   Number         0  use_no_semi.o ABSOLUTE
    ../clib/angel/sysapp.c                   0x00000000   Number         0  sys_wrch.o ABSOLUTE
    ../clib/angel/sysapp.c                   0x00000000   Number         0  sys_exit.o ABSOLUTE
    ../clib/angel/sysapp.c                   0x00000000   Number         0  sys_command.o ABSOLUTE
    ../clib/armsys.c                         0x00000000   Number         0  _get_argv_nomalloc.o ABSOLUTE
    ../clib/armsys.c                         0x00000000   Number         0  argv_veneer.o ABSOLUTE
    ../clib/armsys.c                         0x00000000   Number         0  argv_veneer.o ABSOLUTE
    ../clib/armsys.c                         0x00000000   Number         0  no_argv.o ABSOLUTE
    ../clib/heapalloc.c                      0x00000000   Number         0  hrguard.o ABSOLUTE
    ../clib/heapaux.c                        0x00000000   Number         0  heapauxi.o ABSOLUTE
    ../clib/libinit.s                        0x00000000   Number         0  libshutdown2.o ABSOLUTE
    ../clib/libinit.s                        0x00000000   Number         0  libinit2.o ABSOLUTE
    ../clib/libinit.s                        0x00000000   Number         0  libshutdown.o ABSOLUTE
    ../clib/libinit.s                        0x00000000   Number         0  libinit.o ABSOLUTE
    ../clib/longlong.s                       0x00000000   Number         0  llushr.o ABSOLUTE
    ../clib/memcpset.s                       0x00000000   Number         0  rt_memclr_w.o ABSOLUTE
    ../clib/memcpset.s                       0x00000000   Number         0  rt_memcpy_w.o ABSOLUTE
    ../clib/signal.c                         0x00000000   Number         0  defsig_general.o ABSOLUTE
    ../clib/signal.c                         0x00000000   Number         0  __raise.o ABSOLUTE
    ../clib/signal.c                         0x00000000   Number         0  defsig_rtmem_inner.o ABSOLUTE
    ../clib/signal.c                         0x00000000   Number         0  defsig_stak_inner.o ABSOLUTE
    ../clib/signal.c                         0x00000000   Number         0  defsig_pvfn_inner.o ABSOLUTE
    ../clib/signal.c                         0x00000000   Number         0  defsig_cppl_inner.o ABSOLUTE
    ../clib/signal.c                         0x00000000   Number         0  defsig_rtmem_formal.o ABSOLUTE
    ../clib/signal.c                         0x00000000   Number         0  defsig_rtmem_outer.o ABSOLUTE
    ../clib/signal.c                         0x00000000   Number         0  defsig_fpe_inner.o ABSOLUTE
    ../clib/signal.c                         0x00000000   Number         0  defsig_segv_inner.o ABSOLUTE
    ../clib/signal.c                         0x00000000   Number         0  defsig_other.o ABSOLUTE
    ../clib/signal.c                         0x00000000   Number         0  defsig_rtred_inner.o ABSOLUTE
    ../clib/signal.c                         0x00000000   Number         0  defsig_exit.o ABSOLUTE
    ../clib/signal.c                         0x00000000   Number         0  defsig_abrt_inner.o ABSOLUTE
    ../clib/signal.s                         0x00000000   Number         0  defsig.o ABSOLUTE
    ../clib/stdlib.c                         0x00000000   Number         0  exit.o ABSOLUTE
    ../fplib/fpinit.s                        0x00000000   Number         0  fpinit.o ABSOLUTE
    ..\Core\Src\main.c                       0x00000000   Number         0  main.o ABSOLUTE
    ..\Core\Src\stm32f1xx_hal_msp.c          0x00000000   Number         0  stm32f1xx_hal_msp.o ABSOLUTE
    ..\Core\Src\stm32f1xx_it.c               0x00000000   Number         0  stm32f1xx_it.o ABSOLUTE
    ..\Core\Src\system_stm32f1xx.c           0x00000000   Number         0  system_stm32f1xx.o ABSOLUTE
    ..\Drivers\STM32F1xx_HAL_Driver\Src\stm32f1xx_hal.c 0x00000000   Number         0  stm32f1xx_hal.o ABSOLUTE
    ..\Drivers\STM32F1xx_HAL_Driver\Src\stm32f1xx_hal_cortex.c 0x00000000   Number         0  stm32f1xx_hal_cortex.o ABSOLUTE
    ..\Drivers\STM32F1xx_HAL_Driver\Src\stm32f1xx_hal_dma.c 0x00000000   Number         0  stm32f1xx_hal_dma.o ABSOLUTE
    ..\Drivers\STM32F1xx_HAL_Driver\Src\stm32f1xx_hal_exti.c 0x00000000   Number         0  stm32f1xx_hal_exti.o ABSOLUTE
    ..\Drivers\STM32F1xx_HAL_Driver\Src\stm32f1xx_hal_flash.c 0x00000000   Number         0  stm32f1xx_hal_flash.o ABSOLUTE
    ..\Drivers\STM32F1xx_HAL_Driver\Src\stm32f1xx_hal_flash_ex.c 0x00000000   Number         0  stm32f1xx_hal_flash_ex.o ABSOLUTE
    ..\Drivers\STM32F1xx_HAL_Driver\Src\stm32f1xx_hal_gpio.c 0x00000000   Number         0  stm32f1xx_hal_gpio.o ABSOLUTE
    ..\Drivers\STM32F1xx_HAL_Driver\Src\stm32f1xx_hal_gpio_ex.c 0x00000000   Number         0  stm32f1xx_hal_gpio_ex.o ABSOLUTE
    ..\Drivers\STM32F1xx_HAL_Driver\Src\stm32f1xx_hal_pcd.c 0x00000000   Number         0  stm32f1xx_hal_pcd.o ABSOLUTE
    ..\Drivers\STM32F1xx_HAL_Driver\Src\stm32f1xx_hal_pcd_ex.c 0x00000000   Number         0  stm32f1xx_hal_pcd_ex.o ABSOLUTE
    ..\Drivers\STM32F1xx_HAL_Driver\Src\stm32f1xx_hal_pwr.c 0x00000000   Number         0  stm32f1xx_hal_pwr.o ABSOLUTE
    ..\Drivers\STM32F1xx_HAL_Driver\Src\stm32f1xx_hal_rcc.c 0x00000000   Number         0  stm32f1xx_hal_rcc.o ABSOLUTE
    ..\Drivers\STM32F1xx_HAL_Driver\Src\stm32f1xx_hal_rcc_ex.c 0x00000000   Number         0  stm32f1xx_hal_rcc_ex.o ABSOLUTE
    ..\Drivers\STM32F1xx_HAL_Driver\Src\stm32f1xx_hal_tim.c 0x00000000   Number         0  stm32f1xx_hal_tim.o ABSOLUTE
    ..\Drivers\STM32F1xx_HAL_Driver\Src\stm32f1xx_hal_tim_ex.c 0x00000000   Number         0  stm32f1xx_hal_tim_ex.o ABSOLUTE
    ..\Drivers\STM32F1xx_HAL_Driver\Src\stm32f1xx_hal_uart.c 0x00000000   Number         0  stm32f1xx_hal_uart.o ABSOLUTE
    ..\Drivers\STM32F1xx_HAL_Driver\Src\stm32f1xx_ll_usb.c 0x00000000   Number         0  stm32f1xx_ll_usb.o ABSOLUTE
    ..\Middlewares\ST\STM32_USB_Device_Library\Class\HID\Src\usbd_hid.c 0x00000000   Number         0  usbd_hid.o ABSOLUTE
    ..\Middlewares\ST\STM32_USB_Device_Library\Core\Src\usbd_core.c 0x00000000   Number         0  usbd_core.o ABSOLUTE
    ..\Middlewares\ST\STM32_USB_Device_Library\Core\Src\usbd_ctlreq.c 0x00000000   Number         0  usbd_ctlreq.o ABSOLUTE
    ..\Middlewares\ST\STM32_USB_Device_Library\Core\Src\usbd_ioreq.c 0x00000000   Number         0  usbd_ioreq.o ABSOLUTE
    ..\USB_DEVICE\App\usb_device.c           0x00000000   Number         0  usb_device.o ABSOLUTE
    ..\USB_DEVICE\App\usbd_desc.c            0x00000000   Number         0  usbd_desc.o ABSOLUTE
    ..\USB_DEVICE\Target\usbd_conf.c         0x00000000   Number         0  usbd_conf.o ABSOLUTE
    dc.s                                     0x00000000   Number         0  dc.o ABSOLUTE
    startup_stm32f103xb.s                    0x00000000   Number         0  startup_stm32f103xb.o ABSOLUTE
    RESET                                    0x08000000   Section      236  startup_stm32f103xb.o(RESET)
    !!!main                                  0x080000ec   Section        8  __main.o(!!!main)
    !!!scatter                               0x080000f4   Section       52  __scatter.o(!!!scatter)
    !!dczerorl2                              0x08000128   Section       90  __dczerorl2.o(!!dczerorl2)
    !!handler_zi                             0x08000184   Section       28  __scatter_zi.o(!!handler_zi)
    .ARM.Collect$$libinit$$00000000          0x080001a0   Section        2  libinit.o(.ARM.Collect$$libinit$$00000000)
    .ARM.Collect$$libinit$$00000002          0x080001a2   Section        0  libinit2.o(.ARM.Collect$$libinit$$00000002)
    .ARM.Collect$$libinit$$00000004          0x080001a2   Section        0  libinit2.o(.ARM.Collect$$libinit$$00000004)
    .ARM.Collect$$libinit$$0000000A          0x080001a2   Section        0  libinit2.o(.ARM.Collect$$libinit$$0000000A)
    .ARM.Collect$$libinit$$0000000C          0x080001a2   Section        0  libinit2.o(.ARM.Collect$$libinit$$0000000C)
    .ARM.Collect$$libinit$$0000000E          0x080001a2   Section        0  libinit2.o(.ARM.Collect$$libinit$$0000000E)
    .ARM.Collect$$libinit$$00000011          0x080001a2   Section        0  libinit2.o(.ARM.Collect$$libinit$$00000011)
    .ARM.Collect$$libinit$$00000013          0x080001a2   Section        0  libinit2.o(.ARM.Collect$$libinit$$00000013)
    .ARM.Collect$$libinit$$00000015          0x080001a2   Section        0  libinit2.o(.ARM.Collect$$libinit$$00000015)
    .ARM.Collect$$libinit$$00000017          0x080001a2   Section        0  libinit2.o(.ARM.Collect$$libinit$$00000017)
    .ARM.Collect$$libinit$$00000019          0x080001a2   Section        0  libinit2.o(.ARM.Collect$$libinit$$00000019)
    .ARM.Collect$$libinit$$0000001B          0x080001a2   Section        0  libinit2.o(.ARM.Collect$$libinit$$0000001B)
    .ARM.Collect$$libinit$$0000001D          0x080001a2   Section        0  libinit2.o(.ARM.Collect$$libinit$$0000001D)
    .ARM.Collect$$libinit$$0000001F          0x080001a2   Section        0  libinit2.o(.ARM.Collect$$libinit$$0000001F)
    .ARM.Collect$$libinit$$00000021          0x080001a2   Section        0  libinit2.o(.ARM.Collect$$libinit$$00000021)
    .ARM.Collect$$libinit$$00000023          0x080001a2   Section        0  libinit2.o(.ARM.Collect$$libinit$$00000023)
    .ARM.Collect$$libinit$$00000025          0x080001a2   Section        0  libinit2.o(.ARM.Collect$$libinit$$00000025)
    .ARM.Collect$$libinit$$0000002C          0x080001a2   Section        0  libinit2.o(.ARM.Collect$$libinit$$0000002C)
    .ARM.Collect$$libinit$$0000002E          0x080001a2   Section        0  libinit2.o(.ARM.Collect$$libinit$$0000002E)
    .ARM.Collect$$libinit$$00000030          0x080001a2   Section        0  libinit2.o(.ARM.Collect$$libinit$$00000030)
    .ARM.Collect$$libinit$$00000032          0x080001a2   Section        0  libinit2.o(.ARM.Collect$$libinit$$00000032)
    .ARM.Collect$$libinit$$00000033          0x080001a2   Section        2  libinit2.o(.ARM.Collect$$libinit$$00000033)
    .ARM.Collect$$libshutdown$$00000000      0x080001a4   Section        2  libshutdown.o(.ARM.Collect$$libshutdown$$00000000)
    .ARM.Collect$$libshutdown$$00000002      0x080001a6   Section        0  libshutdown2.o(.ARM.Collect$$libshutdown$$00000002)
    .ARM.Collect$$libshutdown$$00000004      0x080001a6   Section        0  libshutdown2.o(.ARM.Collect$$libshutdown$$00000004)
    .ARM.Collect$$libshutdown$$00000007      0x080001a6   Section        0  libshutdown2.o(.ARM.Collect$$libshutdown$$00000007)
    .ARM.Collect$$libshutdown$$0000000A      0x080001a6   Section        0  libshutdown2.o(.ARM.Collect$$libshutdown$$0000000A)
    .ARM.Collect$$libshutdown$$0000000C      0x080001a6   Section        0  libshutdown2.o(.ARM.Collect$$libshutdown$$0000000C)
    .ARM.Collect$$libshutdown$$0000000F      0x080001a6   Section        0  libshutdown2.o(.ARM.Collect$$libshutdown$$0000000F)
    .ARM.Collect$$libshutdown$$00000010      0x080001a6   Section        2  libshutdown2.o(.ARM.Collect$$libshutdown$$00000010)
    .ARM.Collect$$rtentry$$00000000          0x080001a8   Section        0  __rtentry.o(.ARM.Collect$$rtentry$$00000000)
    .ARM.Collect$$rtentry$$00000002          0x080001a8   Section        0  __rtentry2.o(.ARM.Collect$$rtentry$$00000002)
    .ARM.Collect$$rtentry$$00000004          0x080001a8   Section        6  __rtentry4.o(.ARM.Collect$$rtentry$$00000004)
    .ARM.Collect$$rtentry$$00000009          0x080001ae   Section        0  __rtentry2.o(.ARM.Collect$$rtentry$$00000009)
    .ARM.Collect$$rtentry$$0000000A          0x080001ae   Section        4  __rtentry2.o(.ARM.Collect$$rtentry$$0000000A)
    .ARM.Collect$$rtentry$$0000000C          0x080001b2   Section        0  __rtentry2.o(.ARM.Collect$$rtentry$$0000000C)
    .ARM.Collect$$rtentry$$0000000D          0x080001b2   Section        8  __rtentry2.o(.ARM.Collect$$rtentry$$0000000D)
    .ARM.Collect$$rtexit$$00000000           0x080001ba   Section        2  rtexit.o(.ARM.Collect$$rtexit$$00000000)
    .ARM.Collect$$rtexit$$00000002           0x080001bc   Section        0  rtexit2.o(.ARM.Collect$$rtexit$$00000002)
    .ARM.Collect$$rtexit$$00000003           0x080001bc   Section        4  rtexit2.o(.ARM.Collect$$rtexit$$00000003)
    .ARM.Collect$$rtexit$$00000004           0x080001c0   Section        6  rtexit2.o(.ARM.Collect$$rtexit$$00000004)
    .text                                    0x080001c8   Section       64  startup_stm32f103xb.o(.text)
    .text                                    0x08000208   Section      100  rt_memcpy_w.o(.text)
    .text                                    0x0800026c   Section       78  rt_memclr_w.o(.text)
    .text                                    0x080002ba   Section        0  heapauxi.o(.text)
    .text                                    0x080002c0   Section       74  sys_stackheap_outer.o(.text)
    .text                                    0x0800030a   Section        0  exit.o(.text)
    .text                                    0x0800031c   Section        8  libspace.o(.text)
    .text                                    0x08000324   Section        0  sys_exit.o(.text)
    .text                                    0x08000330   Section        2  use_no_semi.o(.text)
    .text                                    0x08000332   Section        0  indicate_semi.o(.text)
    i.BusFault_Handler                       0x08000332   Section        0  stm32f1xx_it.o(i.BusFault_Handler)
    i.DebugMon_Handler                       0x08000334   Section        0  stm32f1xx_it.o(i.DebugMon_Handler)
    i.Error_Handler                          0x08000336   Section        0  main.o(i.Error_Handler)
    i.HAL_Delay                              0x0800033c   Section        0  stm32f1xx_hal.o(i.HAL_Delay)
    i.HAL_GPIO_Init                          0x08000360   Section        0  stm32f1xx_hal_gpio.o(i.HAL_GPIO_Init)
    i.HAL_GPIO_ReadPin                       0x08000540   Section        0  stm32f1xx_hal_gpio.o(i.HAL_GPIO_ReadPin)
    i.HAL_GPIO_WritePin                      0x0800054a   Section        0  stm32f1xx_hal_gpio.o(i.HAL_GPIO_WritePin)
    i.HAL_GetTick                            0x08000554   Section        0  stm32f1xx_hal.o(i.HAL_GetTick)
    i.HAL_IncTick                            0x08000560   Section        0  stm32f1xx_hal.o(i.HAL_IncTick)
    i.HAL_Init                               0x08000570   Section        0  stm32f1xx_hal.o(i.HAL_Init)
    i.HAL_InitTick                           0x08000594   Section        0  stm32f1xx_hal.o(i.HAL_InitTick)
    i.HAL_MspInit                            0x080005d4   Section        0  stm32f1xx_hal_msp.o(i.HAL_MspInit)
    i.HAL_NVIC_EnableIRQ                     0x08000610   Section        0  stm32f1xx_hal_cortex.o(i.HAL_NVIC_EnableIRQ)
    i.HAL_NVIC_SetPriority                   0x0800062c   Section        0  stm32f1xx_hal_cortex.o(i.HAL_NVIC_SetPriority)
    i.HAL_NVIC_SetPriorityGrouping           0x0800066c   Section        0  stm32f1xx_hal_cortex.o(i.HAL_NVIC_SetPriorityGrouping)
    i.HAL_PCDEx_PMAConfig                    0x08000690   Section        0  stm32f1xx_hal_pcd_ex.o(i.HAL_PCDEx_PMAConfig)
    i.HAL_PCDEx_SetConnectionState           0x080006cc   Section        0  usbd_conf.o(i.HAL_PCDEx_SetConnectionState)
    i.HAL_PCD_DataInStageCallback            0x080006ce   Section        0  usbd_conf.o(i.HAL_PCD_DataInStageCallback)
    i.HAL_PCD_DataOutStageCallback           0x080006e0   Section        0  usbd_conf.o(i.HAL_PCD_DataOutStageCallback)
    i.HAL_PCD_EP_Close                       0x080006f4   Section        0  stm32f1xx_hal_pcd.o(i.HAL_PCD_EP_Close)
    i.HAL_PCD_EP_ClrStall                    0x08000740   Section        0  stm32f1xx_hal_pcd.o(i.HAL_PCD_EP_ClrStall)
    i.HAL_PCD_EP_DB_Receive                  0x0800079c   Section        0  stm32f1xx_hal_pcd.o(i.HAL_PCD_EP_DB_Receive)
    HAL_PCD_EP_DB_Receive                    0x0800079d   Thumb Code   230  stm32f1xx_hal_pcd.o(i.HAL_PCD_EP_DB_Receive)
    i.HAL_PCD_EP_DB_Transmit                 0x08000882   Section        0  stm32f1xx_hal_pcd.o(i.HAL_PCD_EP_DB_Transmit)
    HAL_PCD_EP_DB_Transmit                   0x08000883   Thumb Code   816  stm32f1xx_hal_pcd.o(i.HAL_PCD_EP_DB_Transmit)
    i.HAL_PCD_EP_Open                        0x08000bb2   Section        0  stm32f1xx_hal_pcd.o(i.HAL_PCD_EP_Open)
    i.HAL_PCD_EP_Receive                     0x08000c12   Section        0  stm32f1xx_hal_pcd.o(i.HAL_PCD_EP_Receive)
    i.HAL_PCD_EP_SetStall                    0x08000c44   Section        0  stm32f1xx_hal_pcd.o(i.HAL_PCD_EP_SetStall)
    i.HAL_PCD_EP_Transmit                    0x08000cb6   Section        0  stm32f1xx_hal_pcd.o(i.HAL_PCD_EP_Transmit)
    i.HAL_PCD_IRQHandler                     0x08000cea   Section        0  stm32f1xx_hal_pcd.o(i.HAL_PCD_IRQHandler)
    i.HAL_PCD_Init                           0x08000e40   Section        0  stm32f1xx_hal_pcd.o(i.HAL_PCD_Init)
    i.HAL_PCD_MspInit                        0x08000f1c   Section        0  usbd_conf.o(i.HAL_PCD_MspInit)
    i.HAL_PCD_ResetCallback                  0x08000f58   Section        0  usbd_conf.o(i.HAL_PCD_ResetCallback)
    i.HAL_PCD_ResumeCallback                 0x08000f7e   Section        0  usbd_conf.o(i.HAL_PCD_ResumeCallback)
    i.HAL_PCD_SOFCallback                    0x08000f86   Section        0  usbd_conf.o(i.HAL_PCD_SOFCallback)
    i.HAL_PCD_SetAddress                     0x08000f8e   Section        0  stm32f1xx_hal_pcd.o(i.HAL_PCD_SetAddress)
    i.HAL_PCD_SetupStageCallback             0x08000fb6   Section        0  usbd_conf.o(i.HAL_PCD_SetupStageCallback)
    i.HAL_PCD_Start                          0x08000fc4   Section        0  stm32f1xx_hal_pcd.o(i.HAL_PCD_Start)
    i.HAL_PCD_SuspendCallback                0x08000ff8   Section        0  usbd_conf.o(i.HAL_PCD_SuspendCallback)
    i.HAL_RCCEx_PeriphCLKConfig              0x0800101c   Section        0  stm32f1xx_hal_rcc_ex.o(i.HAL_RCCEx_PeriphCLKConfig)
    i.HAL_RCC_ClockConfig                    0x08001108   Section        0  stm32f1xx_hal_rcc.o(i.HAL_RCC_ClockConfig)
    i.HAL_RCC_GetPCLK1Freq                   0x08001234   Section        0  stm32f1xx_hal_rcc.o(i.HAL_RCC_GetPCLK1Freq)
    i.HAL_RCC_GetPCLK2Freq                   0x08001254   Section        0  stm32f1xx_hal_rcc.o(i.HAL_RCC_GetPCLK2Freq)
    i.HAL_RCC_GetSysClockFreq                0x08001274   Section        0  stm32f1xx_hal_rcc.o(i.HAL_RCC_GetSysClockFreq)
    i.HAL_RCC_OscConfig                      0x080012e0   Section        0  stm32f1xx_hal_rcc.o(i.HAL_RCC_OscConfig)
    i.HAL_SYSTICK_Config                     0x08001600   Section        0  stm32f1xx_hal_cortex.o(i.HAL_SYSTICK_Config)
    i.HAL_UART_Init                          0x08001628   Section        0  stm32f1xx_hal_uart.o(i.HAL_UART_Init)
    i.HAL_UART_MspInit                       0x0800168c   Section        0  stm32f1xx_hal_msp.o(i.HAL_UART_MspInit)
    i.HAL_UART_Transmit                      0x080016fc   Section        0  stm32f1xx_hal_uart.o(i.HAL_UART_Transmit)
    i.HardFault_Handler                      0x080017ae   Section        0  stm32f1xx_it.o(i.HardFault_Handler)
    i.IntToUnicode                           0x080017b0   Section        0  usbd_desc.o(i.IntToUnicode)
    IntToUnicode                             0x080017b1   Thumb Code    56  usbd_desc.o(i.IntToUnicode)
    i.MX_GPIO_Init                           0x080017e8   Section        0  main.o(i.MX_GPIO_Init)
    MX_GPIO_Init                             0x080017e9   Thumb Code   176  main.o(i.MX_GPIO_Init)
    i.MX_USB_DEVICE_Init                     0x080018a8   Section        0  usb_device.o(i.MX_USB_DEVICE_Init)
    i.MemManage_Handler                      0x080018e8   Section        0  stm32f1xx_it.o(i.MemManage_Handler)
    i.NMI_Handler                            0x080018ea   Section        0  stm32f1xx_it.o(i.NMI_Handler)
    i.PCD_EP_ISR_Handler                     0x080018ec   Section        0  stm32f1xx_hal_pcd.o(i.PCD_EP_ISR_Handler)
    PCD_EP_ISR_Handler                       0x080018ed   Thumb Code   788  stm32f1xx_hal_pcd.o(i.PCD_EP_ISR_Handler)
    i.PendSV_Handler                         0x08001c00   Section        0  stm32f1xx_it.o(i.PendSV_Handler)
    i.SVC_Handler                            0x08001c02   Section        0  stm32f1xx_it.o(i.SVC_Handler)
    i.SysTick_Handler                        0x08001c04   Section        0  stm32f1xx_it.o(i.SysTick_Handler)
    i.SystemClock_Config                     0x08001c08   Section        0  main.o(i.SystemClock_Config)
    i.SystemInit                             0x08001c7e   Section        0  system_stm32f1xx.o(i.SystemInit)
    i.UART_SetConfig                         0x08001c80   Section        0  stm32f1xx_hal_uart.o(i.UART_SetConfig)
    UART_SetConfig                           0x08001c81   Thumb Code   178  stm32f1xx_hal_uart.o(i.UART_SetConfig)
    i.UART_WaitOnFlagUntilTimeout            0x08001d38   Section        0  stm32f1xx_hal_uart.o(i.UART_WaitOnFlagUntilTimeout)
    UART_WaitOnFlagUntilTimeout              0x08001d39   Thumb Code   100  stm32f1xx_hal_uart.o(i.UART_WaitOnFlagUntilTimeout)
    i.USBD_ClrClassConfig                    0x08001d9c   Section        0  usbd_core.o(i.USBD_ClrClassConfig)
    i.USBD_CtlContinueRx                     0x08001daa   Section        0  usbd_ioreq.o(i.USBD_CtlContinueRx)
    i.USBD_CtlContinueSendData               0x08001dba   Section        0  usbd_ioreq.o(i.USBD_CtlContinueSendData)
    i.USBD_CtlError                          0x08001dca   Section        0  usbd_ctlreq.o(i.USBD_CtlError)
    i.USBD_CtlReceiveStatus                  0x08001de0   Section        0  usbd_ioreq.o(i.USBD_CtlReceiveStatus)
    i.USBD_CtlSendData                       0x08001df6   Section        0  usbd_ioreq.o(i.USBD_CtlSendData)
    i.USBD_CtlSendStatus                     0x08001e10   Section        0  usbd_ioreq.o(i.USBD_CtlSendStatus)
    i.USBD_FS_ConfigStrDescriptor            0x08001e28   Section        0  usbd_desc.o(i.USBD_FS_ConfigStrDescriptor)
    i.USBD_FS_DeviceDescriptor               0x08001e48   Section        0  usbd_desc.o(i.USBD_FS_DeviceDescriptor)
    i.USBD_FS_InterfaceStrDescriptor         0x08001e54   Section        0  usbd_desc.o(i.USBD_FS_InterfaceStrDescriptor)
    i.USBD_FS_LangIDStrDescriptor            0x08001e78   Section        0  usbd_desc.o(i.USBD_FS_LangIDStrDescriptor)
    i.USBD_FS_ManufacturerStrDescriptor      0x08001e84   Section        0  usbd_desc.o(i.USBD_FS_ManufacturerStrDescriptor)
    i.USBD_FS_ProductStrDescriptor           0x08001eac   Section        0  usbd_desc.o(i.USBD_FS_ProductStrDescriptor)
    i.USBD_FS_SerialStrDescriptor            0x08001ed4   Section        0  usbd_desc.o(i.USBD_FS_SerialStrDescriptor)
    i.USBD_GetDescriptor                     0x08001f0c   Section        0  usbd_ctlreq.o(i.USBD_GetDescriptor)
    USBD_GetDescriptor                       0x08001f0d   Thumb Code   232  usbd_ctlreq.o(i.USBD_GetDescriptor)
    i.USBD_GetString                         0x08001ff4   Section        0  usbd_ctlreq.o(i.USBD_GetString)
    i.USBD_Get_USB_Status                    0x0800203c   Section        0  usbd_conf.o(i.USBD_Get_USB_Status)
    USBD_Get_USB_Status                      0x0800203d   Thumb Code    24  usbd_conf.o(i.USBD_Get_USB_Status)
    i.USBD_HID_DataIn                        0x08002054   Section        0  usbd_hid.o(i.USBD_HID_DataIn)
    USBD_HID_DataIn                          0x08002055   Thumb Code    12  usbd_hid.o(i.USBD_HID_DataIn)
    i.USBD_HID_DeInit                        0x08002060   Section        0  usbd_hid.o(i.USBD_HID_DeInit)
    USBD_HID_DeInit                          0x08002061   Thumb Code    32  usbd_hid.o(i.USBD_HID_DeInit)
    i.USBD_HID_GetDeviceQualifierDesc        0x08002080   Section        0  usbd_hid.o(i.USBD_HID_GetDeviceQualifierDesc)
    USBD_HID_GetDeviceQualifierDesc          0x08002081   Thumb Code     8  usbd_hid.o(i.USBD_HID_GetDeviceQualifierDesc)
    i.USBD_HID_GetFSCfgDesc                  0x0800208c   Section        0  usbd_hid.o(i.USBD_HID_GetFSCfgDesc)
    USBD_HID_GetFSCfgDesc                    0x0800208d   Thumb Code     8  usbd_hid.o(i.USBD_HID_GetFSCfgDesc)
    i.USBD_HID_GetHSCfgDesc                  0x08002098   Section        0  usbd_hid.o(i.USBD_HID_GetHSCfgDesc)
    USBD_HID_GetHSCfgDesc                    0x08002099   Thumb Code     8  usbd_hid.o(i.USBD_HID_GetHSCfgDesc)
    i.USBD_HID_GetOtherSpeedCfgDesc          0x080020a4   Section        0  usbd_hid.o(i.USBD_HID_GetOtherSpeedCfgDesc)
    USBD_HID_GetOtherSpeedCfgDesc            0x080020a5   Thumb Code     8  usbd_hid.o(i.USBD_HID_GetOtherSpeedCfgDesc)
    i.USBD_HID_Init                          0x080020b0   Section        0  usbd_hid.o(i.USBD_HID_Init)
    USBD_HID_Init                            0x080020b1   Thumb Code    42  usbd_hid.o(i.USBD_HID_Init)
    i.USBD_HID_SendReport                    0x080020da   Section        0  usbd_hid.o(i.USBD_HID_SendReport)
    i.USBD_HID_Setup                         0x08002100   Section        0  usbd_hid.o(i.USBD_HID_Setup)
    USBD_HID_Setup                           0x08002101   Thumb Code   196  usbd_hid.o(i.USBD_HID_Setup)
    i.USBD_Init                              0x080021c8   Section        0  usbd_core.o(i.USBD_Init)
    i.USBD_LL_ClearStallEP                   0x080021f2   Section        0  usbd_conf.o(i.USBD_LL_ClearStallEP)
    i.USBD_LL_CloseEP                        0x08002204   Section        0  usbd_conf.o(i.USBD_LL_CloseEP)
    i.USBD_LL_DataInStage                    0x08002216   Section        0  usbd_core.o(i.USBD_LL_DataInStage)
    i.USBD_LL_DataOutStage                   0x080022dc   Section        0  usbd_core.o(i.USBD_LL_DataOutStage)
    i.USBD_LL_Init                           0x08002360   Section        0  usbd_conf.o(i.USBD_LL_Init)
    i.USBD_LL_IsStallEP                      0x080023c8   Section        0  usbd_conf.o(i.USBD_LL_IsStallEP)
    i.USBD_LL_OpenEP                         0x080023e8   Section        0  usbd_conf.o(i.USBD_LL_OpenEP)
    i.USBD_LL_PrepareReceive                 0x08002400   Section        0  usbd_conf.o(i.USBD_LL_PrepareReceive)
    i.USBD_LL_Reset                          0x08002412   Section        0  usbd_core.o(i.USBD_LL_Reset)
    i.USBD_LL_Resume                         0x08002462   Section        0  usbd_core.o(i.USBD_LL_Resume)
    i.USBD_LL_SOF                            0x08002476   Section        0  usbd_core.o(i.USBD_LL_SOF)
    i.USBD_LL_SetSpeed                       0x0800248e   Section        0  usbd_core.o(i.USBD_LL_SetSpeed)
    i.USBD_LL_SetUSBAddress                  0x08002494   Section        0  usbd_conf.o(i.USBD_LL_SetUSBAddress)
    i.USBD_LL_SetupStage                     0x080024a6   Section        0  usbd_core.o(i.USBD_LL_SetupStage)
    i.USBD_LL_StallEP                        0x08002500   Section        0  usbd_conf.o(i.USBD_LL_StallEP)
    i.USBD_LL_Start                          0x08002512   Section        0  usbd_conf.o(i.USBD_LL_Start)
    i.USBD_LL_Suspend                        0x08002524   Section        0  usbd_core.o(i.USBD_LL_Suspend)
    i.USBD_LL_Transmit                       0x08002536   Section        0  usbd_conf.o(i.USBD_LL_Transmit)
    i.USBD_ParseSetupRequest                 0x08002548   Section        0  usbd_ctlreq.o(i.USBD_ParseSetupRequest)
    i.USBD_RegisterClass                     0x08002570   Section        0  usbd_core.o(i.USBD_RegisterClass)
    i.USBD_SetClassConfig                    0x08002580   Section        0  usbd_core.o(i.USBD_SetClassConfig)
    i.USBD_SetConfig                         0x08002598   Section        0  usbd_ctlreq.o(i.USBD_SetConfig)
    USBD_SetConfig                           0x08002599   Thumb Code   128  usbd_ctlreq.o(i.USBD_SetConfig)
    i.USBD_Start                             0x0800261c   Section        0  usbd_core.o(i.USBD_Start)
    i.USBD_StdDevReq                         0x08002626   Section        0  usbd_ctlreq.o(i.USBD_StdDevReq)
    i.USBD_StdEPReq                          0x08002738   Section        0  usbd_ctlreq.o(i.USBD_StdEPReq)
    i.USBD_StdItfReq                         0x08002888   Section        0  usbd_ctlreq.o(i.USBD_StdItfReq)
    i.USBD_static_free                       0x080028d6   Section        0  usbd_conf.o(i.USBD_static_free)
    i.USBD_static_malloc                     0x080028d8   Section        0  usbd_conf.o(i.USBD_static_malloc)
    i.USB_ActivateEndpoint                   0x080028e0   Section        0  stm32f1xx_ll_usb.o(i.USB_ActivateEndpoint)
    i.USB_CoreInit                           0x08002b38   Section        0  stm32f1xx_ll_usb.o(i.USB_CoreInit)
    i.USB_DeactivateEndpoint                 0x08002b3c   Section        0  stm32f1xx_ll_usb.o(i.USB_DeactivateEndpoint)
    i.USB_DevConnect                         0x08002c4a   Section        0  stm32f1xx_ll_usb.o(i.USB_DevConnect)
    i.USB_DevDisconnect                      0x08002c4e   Section        0  stm32f1xx_ll_usb.o(i.USB_DevDisconnect)
    i.USB_DevInit                            0x08002c52   Section        0  stm32f1xx_ll_usb.o(i.USB_DevInit)
    i.USB_DisableGlobalInt                   0x08002c64   Section        0  stm32f1xx_ll_usb.o(i.USB_DisableGlobalInt)
    i.USB_EP0_OutStart                       0x08002c72   Section        0  stm32f1xx_ll_usb.o(i.USB_EP0_OutStart)
    i.USB_EPClearStall                       0x08002c76   Section        0  stm32f1xx_ll_usb.o(i.USB_EPClearStall)
    i.USB_EPSetStall                         0x08002cee   Section        0  stm32f1xx_ll_usb.o(i.USB_EPSetStall)
    i.USB_EPStartXfer                        0x08002d20   Section        0  stm32f1xx_ll_usb.o(i.USB_EPStartXfer)
    i.USB_EnableGlobalInt                    0x0800332c   Section        0  stm32f1xx_ll_usb.o(i.USB_EnableGlobalInt)
    i.USB_LP_CAN1_RX0_IRQHandler             0x08003340   Section        0  stm32f1xx_it.o(i.USB_LP_CAN1_RX0_IRQHandler)
    i.USB_ReadInterrupts                     0x0800334c   Section        0  stm32f1xx_ll_usb.o(i.USB_ReadInterrupts)
    i.USB_ReadPMA                            0x08003354   Section        0  stm32f1xx_ll_usb.o(i.USB_ReadPMA)
    i.USB_SetCurrentMode                     0x08003380   Section        0  stm32f1xx_ll_usb.o(i.USB_SetCurrentMode)
    i.USB_SetDevAddress                      0x08003384   Section        0  stm32f1xx_ll_usb.o(i.USB_SetDevAddress)
    i.USB_WritePMA                           0x08003390   Section        0  stm32f1xx_ll_usb.o(i.USB_WritePMA)
    i.UsageFault_Handler                     0x080033b6   Section        0  stm32f1xx_it.o(i.UsageFault_Handler)
    i.__NVIC_SetPriority                     0x080033b8   Section        0  stm32f1xx_hal_cortex.o(i.__NVIC_SetPriority)
    __NVIC_SetPriority                       0x080033b9   Thumb Code    32  stm32f1xx_hal_cortex.o(i.__NVIC_SetPriority)
    i.clear_columns                          0x080033d8   Section        0  main.o(i.clear_columns)
    i.main                                   0x08003440   Section        0  main.o(i.main)
    i.toggle_column                          0x08003760   Section        0  main.o(i.toggle_column)
    .constdata                               0x080037e0   Section       16  system_stm32f1xx.o(.constdata)
    .constdata                               0x080037f0   Section        8  system_stm32f1xx.o(.constdata)
    .data                                    0x20000000   Section      306  main.o(.data)
    .data                                    0x20000134   Section       28  usbd_desc.o(.data)
    .data                                    0x20000150   Section       50  usbd_desc.o(.data)
    .data                                    0x20000184   Section       12  stm32f1xx_hal.o(.data)
    .data                                    0x20000190   Section        4  system_stm32f1xx.o(.data)
    .data                                    0x20000194   Section        1  usbd_ctlreq.o(.data)
    cfgidx                                   0x20000194   Data           1  usbd_ctlreq.o(.data)
    .data                                    0x20000198   Section       56  usbd_hid.o(.data)
    .data                                    0x200001d0   Section      195  usbd_hid.o(.data)
    USBD_HID_CfgFSDesc                       0x200001d0   Data          34  usbd_hid.o(.data)
    USBD_HID_CfgHSDesc                       0x200001f4   Data          34  usbd_hid.o(.data)
    USBD_HID_OtherSpeedCfgDesc               0x20000218   Data          34  usbd_hid.o(.data)
    USBD_HID_Desc                            0x2000023c   Data           9  usbd_hid.o(.data)
    USBD_HID_DeviceQualifierDesc             0x20000248   Data          10  usbd_hid.o(.data)
    HID_MOUSE_ReportDesc                     0x20000254   Data          63  usbd_hid.o(.data)
    .bss                                     0x20000294   Section      284  main.o(.bss)
    .bss                                     0x200003b0   Section      708  usb_device.o(.bss)
    .bss                                     0x20000674   Section      512  usbd_desc.o(.bss)
    .bss                                     0x20000874   Section      768  usbd_conf.o(.bss)
    mem                                      0x20000874   Data          20  usbd_conf.o(.bss)
    .bss                                     0x20000b74   Section       96  libspace.o(.bss)
    HEAP                                     0x20000bd8   Section      512  startup_stm32f103xb.o(HEAP)
    Heap_Mem                                 0x20000bd8   Data         512  startup_stm32f103xb.o(HEAP)
    STACK                                    0x20000dd8   Section     1024  startup_stm32f103xb.o(STACK)
    Stack_Mem                                0x20000dd8   Data        1024  startup_stm32f103xb.o(STACK)
    __initial_sp                             0x200011d8   Data           0  startup_stm32f103xb.o(STACK)

    Global Symbols

    Symbol Name                              Value     Ov Type        Size  Object(Section)

    BuildAttributes$$THM_ISAv4$P$D$K$B$S$PE$A:L22UL41UL21$X:L11$S22US41US21$IEEE1$IW$USESV6$~STKCKD$USESV7$~SHL$OSPACE$ROPI$EBA8$UX$STANDARDLIB$REQ8$PRES8$EABIv2 0x00000000   Number         0  anon$$obj.o ABSOLUTE
    __ARM_use_no_argv                        0x00000000   Number         0  main.o ABSOLUTE
    __ARM_exceptions_init                     - Undefined Weak Reference
    __alloca_initialize                       - Undefined Weak Reference
    __arm_preinit_                            - Undefined Weak Reference
    __cpp_initialize__aeabi_                  - Undefined Weak Reference
    __cxa_finalize                            - Undefined Weak Reference
    __rt_locale                               - Undefined Weak Reference
    __sigvec_lookup                           - Undefined Weak Reference
    _atexit_init                              - Undefined Weak Reference
    _call_atexit_fns                          - Undefined Weak Reference
    _clock_init                               - Undefined Weak Reference
    _fp_trap_init                             - Undefined Weak Reference
    _fp_trap_shutdown                         - Undefined Weak Reference
    _get_lc_collate                           - Undefined Weak Reference
    _get_lc_ctype                             - Undefined Weak Reference
    _get_lc_monetary                          - Undefined Weak Reference
    _get_lc_numeric                           - Undefined Weak Reference
    _get_lc_time                              - Undefined Weak Reference
    _getenv_init                              - Undefined Weak Reference
    _handle_redirection                       - Undefined Weak Reference
    _init_alloc                               - Undefined Weak Reference
    _init_user_alloc                          - Undefined Weak Reference
    _initio                                   - Undefined Weak Reference
    _rand_init                                - Undefined Weak Reference
    _signal_finish                            - Undefined Weak Reference
    _signal_init                              - Undefined Weak Reference
    _terminate_alloc                          - Undefined Weak Reference
    _terminate_user_alloc                     - Undefined Weak Reference
    _terminateio                              - Undefined Weak Reference
    __Vectors_Size                           0x000000ec   Number         0  startup_stm32f103xb.o ABSOLUTE
    __Vectors                                0x08000000   Data           4  startup_stm32f103xb.o(RESET)
    __Vectors_End                            0x080000ec   Data           0  startup_stm32f103xb.o(RESET)
    __main                                   0x080000ed   Thumb Code     8  __main.o(!!!main)
    __scatterload                            0x080000f5   Thumb Code     0  __scatter.o(!!!scatter)
    __scatterload_rt2                        0x080000f5   Thumb Code    44  __scatter.o(!!!scatter)
    __scatterload_rt2_thumb_only             0x080000f5   Thumb Code     0  __scatter.o(!!!scatter)
    __scatterload_null                       0x08000103   Thumb Code     0  __scatter.o(!!!scatter)
    __decompress                             0x08000129   Thumb Code    90  __dczerorl2.o(!!dczerorl2)
    __decompress1                            0x08000129   Thumb Code     0  __dczerorl2.o(!!dczerorl2)
    __scatterload_zeroinit                   0x08000185   Thumb Code    28  __scatter_zi.o(!!handler_zi)
    __rt_lib_init                            0x080001a1   Thumb Code     0  libinit.o(.ARM.Collect$$libinit$$00000000)
    __rt_lib_init_alloca_1                   0x080001a3   Thumb Code     0  libinit2.o(.ARM.Collect$$libinit$$0000002E)
    __rt_lib_init_argv_1                     0x080001a3   Thumb Code     0  libinit2.o(.ARM.Collect$$libinit$$0000002C)
    __rt_lib_init_atexit_1                   0x080001a3   Thumb Code     0  libinit2.o(.ARM.Collect$$libinit$$0000001B)
    __rt_lib_init_clock_1                    0x080001a3   Thumb Code     0  libinit2.o(.ARM.Collect$$libinit$$00000021)
    __rt_lib_init_cpp_1                      0x080001a3   Thumb Code     0  libinit2.o(.ARM.Collect$$libinit$$00000032)
    __rt_lib_init_exceptions_1               0x080001a3   Thumb Code     0  libinit2.o(.ARM.Collect$$libinit$$00000030)
    __rt_lib_init_fp_1                       0x080001a3   Thumb Code     0  libinit2.o(.ARM.Collect$$libinit$$00000002)
    __rt_lib_init_fp_trap_1                  0x080001a3   Thumb Code     0  libinit2.o(.ARM.Collect$$libinit$$0000001F)
    __rt_lib_init_getenv_1                   0x080001a3   Thumb Code     0  libinit2.o(.ARM.Collect$$libinit$$00000023)
    __rt_lib_init_heap_1                     0x080001a3   Thumb Code     0  libinit2.o(.ARM.Collect$$libinit$$0000000A)
    __rt_lib_init_lc_collate_1               0x080001a3   Thumb Code     0  libinit2.o(.ARM.Collect$$libinit$$00000011)
    __rt_lib_init_lc_ctype_1                 0x080001a3   Thumb Code     0  libinit2.o(.ARM.Collect$$libinit$$00000013)
    __rt_lib_init_lc_monetary_1              0x080001a3   Thumb Code     0  libinit2.o(.ARM.Collect$$libinit$$00000015)
    __rt_lib_init_lc_numeric_1               0x080001a3   Thumb Code     0  libinit2.o(.ARM.Collect$$libinit$$00000017)
    __rt_lib_init_lc_time_1                  0x080001a3   Thumb Code     0  libinit2.o(.ARM.Collect$$libinit$$00000019)
    __rt_lib_init_preinit_1                  0x080001a3   Thumb Code     0  libinit2.o(.ARM.Collect$$libinit$$00000004)
    __rt_lib_init_rand_1                     0x080001a3   Thumb Code     0  libinit2.o(.ARM.Collect$$libinit$$0000000E)
    __rt_lib_init_return                     0x080001a3   Thumb Code     0  libinit2.o(.ARM.Collect$$libinit$$00000033)
    __rt_lib_init_signal_1                   0x080001a3   Thumb Code     0  libinit2.o(.ARM.Collect$$libinit$$0000001D)
    __rt_lib_init_stdio_1                    0x080001a3   Thumb Code     0  libinit2.o(.ARM.Collect$$libinit$$00000025)
    __rt_lib_init_user_alloc_1               0x080001a3   Thumb Code     0  libinit2.o(.ARM.Collect$$libinit$$0000000C)
    __rt_lib_shutdown                        0x080001a5   Thumb Code     0  libshutdown.o(.ARM.Collect$$libshutdown$$00000000)
    __rt_lib_shutdown_cpp_1                  0x080001a7   Thumb Code     0  libshutdown2.o(.ARM.Collect$$libshutdown$$00000002)
    __rt_lib_shutdown_fp_trap_1              0x080001a7   Thumb Code     0  libshutdown2.o(.ARM.Collect$$libshutdown$$00000007)
    __rt_lib_shutdown_heap_1                 0x080001a7   Thumb Code     0  libshutdown2.o(.ARM.Collect$$libshutdown$$0000000F)
    __rt_lib_shutdown_return                 0x080001a7   Thumb Code     0  libshutdown2.o(.ARM.Collect$$libshutdown$$00000010)
    __rt_lib_shutdown_signal_1               0x080001a7   Thumb Code     0  libshutdown2.o(.ARM.Collect$$libshutdown$$0000000A)
    __rt_lib_shutdown_stdio_1                0x080001a7   Thumb Code     0  libshutdown2.o(.ARM.Collect$$libshutdown$$00000004)
    __rt_lib_shutdown_user_alloc_1           0x080001a7   Thumb Code     0  libshutdown2.o(.ARM.Collect$$libshutdown$$0000000C)
    __rt_entry                               0x080001a9   Thumb Code     0  __rtentry.o(.ARM.Collect$$rtentry$$00000000)
    __rt_entry_presh_1                       0x080001a9   Thumb Code     0  __rtentry2.o(.ARM.Collect$$rtentry$$00000002)
    __rt_entry_sh                            0x080001a9   Thumb Code     0  __rtentry4.o(.ARM.Collect$$rtentry$$00000004)
    __rt_entry_li                            0x080001af   Thumb Code     0  __rtentry2.o(.ARM.Collect$$rtentry$$0000000A)
    __rt_entry_postsh_1                      0x080001af   Thumb Code     0  __rtentry2.o(.ARM.Collect$$rtentry$$00000009)
    __rt_entry_main                          0x080001b3   Thumb Code     0  __rtentry2.o(.ARM.Collect$$rtentry$$0000000D)
    __rt_entry_postli_1                      0x080001b3   Thumb Code     0  __rtentry2.o(.ARM.Collect$$rtentry$$0000000C)
    __rt_exit                                0x080001bb   Thumb Code     0  rtexit.o(.ARM.Collect$$rtexit$$00000000)
    __rt_exit_ls                             0x080001bd   Thumb Code     0  rtexit2.o(.ARM.Collect$$rtexit$$00000003)
    __rt_exit_prels_1                        0x080001bd   Thumb Code     0  rtexit2.o(.ARM.Collect$$rtexit$$00000002)
    __rt_exit_exit                           0x080001c1   Thumb Code     0  rtexit2.o(.ARM.Collect$$rtexit$$00000004)
    Reset_Handler                            0x080001c9   Thumb Code     8  startup_stm32f103xb.o(.text)
    ADC1_2_IRQHandler                        0x080001e3   Thumb Code     0  startup_stm32f103xb.o(.text)
    CAN1_RX1_IRQHandler                      0x080001e3   Thumb Code     0  startup_stm32f103xb.o(.text)
    CAN1_SCE_IRQHandler                      0x080001e3   Thumb Code     0  startup_stm32f103xb.o(.text)
    DMA1_Channel1_IRQHandler                 0x080001e3   Thumb Code     0  startup_stm32f103xb.o(.text)
    DMA1_Channel2_IRQHandler                 0x080001e3   Thumb Code     0  startup_stm32f103xb.o(.text)
    DMA1_Channel3_IRQHandler                 0x080001e3   Thumb Code     0  startup_stm32f103xb.o(.text)
    DMA1_Channel4_IRQHandler                 0x080001e3   Thumb Code     0  startup_stm32f103xb.o(.text)
    DMA1_Channel5_IRQHandler                 0x080001e3   Thumb Code     0  startup_stm32f103xb.o(.text)
    DMA1_Channel6_IRQHandler                 0x080001e3   Thumb Code     0  startup_stm32f103xb.o(.text)
    DMA1_Channel7_IRQHandler                 0x080001e3   Thumb Code     0  startup_stm32f103xb.o(.text)
    EXTI0_IRQHandler                         0x080001e3   Thumb Code     0  startup_stm32f103xb.o(.text)
    EXTI15_10_IRQHandler                     0x080001e3   Thumb Code     0  startup_stm32f103xb.o(.text)
    EXTI1_IRQHandler                         0x080001e3   Thumb Code     0  startup_stm32f103xb.o(.text)
    EXTI2_IRQHandler                         0x080001e3   Thumb Code     0  startup_stm32f103xb.o(.text)
    EXTI3_IRQHandler                         0x080001e3   Thumb Code     0  startup_stm32f103xb.o(.text)
    EXTI4_IRQHandler                         0x080001e3   Thumb Code     0  startup_stm32f103xb.o(.text)
    EXTI9_5_IRQHandler                       0x080001e3   Thumb Code     0  startup_stm32f103xb.o(.text)
    FLASH_IRQHandler                         0x080001e3   Thumb Code     0  startup_stm32f103xb.o(.text)
    I2C1_ER_IRQHandler                       0x080001e3   Thumb Code     0  startup_stm32f103xb.o(.text)
    I2C1_EV_IRQHandler                       0x080001e3   Thumb Code     0  startup_stm32f103xb.o(.text)
    I2C2_ER_IRQHandler                       0x080001e3   Thumb Code     0  startup_stm32f103xb.o(.text)
    I2C2_EV_IRQHandler                       0x080001e3   Thumb Code     0  startup_stm32f103xb.o(.text)
    PVD_IRQHandler                           0x080001e3   Thumb Code     0  startup_stm32f103xb.o(.text)
    RCC_IRQHandler                           0x080001e3   Thumb Code     0  startup_stm32f103xb.o(.text)
    RTC_Alarm_IRQHandler                     0x080001e3   Thumb Code     0  startup_stm32f103xb.o(.text)
    RTC_IRQHandler                           0x080001e3   Thumb Code     0  startup_stm32f103xb.o(.text)
    SPI1_IRQHandler                          0x080001e3   Thumb Code     0  startup_stm32f103xb.o(.text)
    SPI2_IRQHandler                          0x080001e3   Thumb Code     0  startup_stm32f103xb.o(.text)
    TAMPER_IRQHandler                        0x080001e3   Thumb Code     0  startup_stm32f103xb.o(.text)
    TIM1_BRK_IRQHandler                      0x080001e3   Thumb Code     0  startup_stm32f103xb.o(.text)
    TIM1_CC_IRQHandler                       0x080001e3   Thumb Code     0  startup_stm32f103xb.o(.text)
    TIM1_TRG_COM_IRQHandler                  0x080001e3   Thumb Code     0  startup_stm32f103xb.o(.text)
    TIM1_UP_IRQHandler                       0x080001e3   Thumb Code     0  startup_stm32f103xb.o(.text)
    TIM2_IRQHandler                          0x080001e3   Thumb Code     0  startup_stm32f103xb.o(.text)
    TIM3_IRQHandler                          0x080001e3   Thumb Code     0  startup_stm32f103xb.o(.text)
    TIM4_IRQHandler                          0x080001e3   Thumb Code     0  startup_stm32f103xb.o(.text)
    USART1_IRQHandler                        0x080001e3   Thumb Code     0  startup_stm32f103xb.o(.text)
    USART2_IRQHandler                        0x080001e3   Thumb Code     0  startup_stm32f103xb.o(.text)
    USART3_IRQHandler                        0x080001e3   Thumb Code     0  startup_stm32f103xb.o(.text)
    USBWakeUp_IRQHandler                     0x080001e3   Thumb Code     0  startup_stm32f103xb.o(.text)
    USB_HP_CAN1_TX_IRQHandler                0x080001e3   Thumb Code     0  startup_stm32f103xb.o(.text)
    WWDG_IRQHandler                          0x080001e3   Thumb Code     0  startup_stm32f103xb.o(.text)
    __user_initial_stackheap                 0x080001e5   Thumb Code     0  startup_stm32f103xb.o(.text)
    __aeabi_memcpy4                          0x08000209   Thumb Code     0  rt_memcpy_w.o(.text)
    __aeabi_memcpy8                          0x08000209   Thumb Code     0  rt_memcpy_w.o(.text)
    __rt_memcpy_w                            0x08000209   Thumb Code   100  rt_memcpy_w.o(.text)
    _memcpy_lastbytes_aligned                0x08000251   Thumb Code     0  rt_memcpy_w.o(.text)
    __aeabi_memclr4                          0x0800026d   Thumb Code     0  rt_memclr_w.o(.text)
    __aeabi_memclr8                          0x0800026d   Thumb Code     0  rt_memclr_w.o(.text)
    __rt_memclr_w                            0x0800026d   Thumb Code    78  rt_memclr_w.o(.text)
    _memset_w                                0x08000271   Thumb Code     0  rt_memclr_w.o(.text)
    __use_two_region_memory                  0x080002bb   Thumb Code     2  heapauxi.o(.text)
    __rt_heap_escrow$2region                 0x080002bd   Thumb Code     2  heapauxi.o(.text)
    __rt_heap_expand$2region                 0x080002bf   Thumb Code     2  heapauxi.o(.text)
    __user_setup_stackheap                   0x080002c1   Thumb Code    74  sys_stackheap_outer.o(.text)
    exit                                     0x0800030b   Thumb Code    18  exit.o(.text)
    __user_libspace                          0x0800031d   Thumb Code     8  libspace.o(.text)
    __user_perproc_libspace                  0x0800031d   Thumb Code     0  libspace.o(.text)
    __user_perthread_libspace                0x0800031d   Thumb Code     0  libspace.o(.text)
    _sys_exit                                0x08000325   Thumb Code     8  sys_exit.o(.text)
    __I$use$semihosting                      0x08000331   Thumb Code     0  use_no_semi.o(.text)
    __use_no_semihosting_swi                 0x08000331   Thumb Code     2  use_no_semi.o(.text)
    BusFault_Handler                         0x08000333   Thumb Code     2  stm32f1xx_it.o(i.BusFault_Handler)
    __semihosting_library_function           0x08000333   Thumb Code     0  indicate_semi.o(.text)
    DebugMon_Handler                         0x08000335   Thumb Code     2  stm32f1xx_it.o(i.DebugMon_Handler)
    Error_Handler                            0x08000337   Thumb Code     4  main.o(i.Error_Handler)
    HAL_Delay                                0x0800033d   Thumb Code    32  stm32f1xx_hal.o(i.HAL_Delay)
    HAL_GPIO_Init                            0x08000361   Thumb Code   446  stm32f1xx_hal_gpio.o(i.HAL_GPIO_Init)
    HAL_GPIO_ReadPin                         0x08000541   Thumb Code    10  stm32f1xx_hal_gpio.o(i.HAL_GPIO_ReadPin)
    HAL_GPIO_WritePin                        0x0800054b   Thumb Code    10  stm32f1xx_hal_gpio.o(i.HAL_GPIO_WritePin)
    HAL_GetTick                              0x08000555   Thumb Code     6  stm32f1xx_hal.o(i.HAL_GetTick)
    HAL_IncTick                              0x08000561   Thumb Code    12  stm32f1xx_hal.o(i.HAL_IncTick)
    HAL_Init                                 0x08000571   Thumb Code    32  stm32f1xx_hal.o(i.HAL_Init)
    HAL_InitTick                             0x08000595   Thumb Code    54  stm32f1xx_hal.o(i.HAL_InitTick)
    HAL_MspInit                              0x080005d5   Thumb Code    52  stm32f1xx_hal_msp.o(i.HAL_MspInit)
    HAL_NVIC_EnableIRQ                       0x08000611   Thumb Code    26  stm32f1xx_hal_cortex.o(i.HAL_NVIC_EnableIRQ)
    HAL_NVIC_SetPriority                     0x0800062d   Thumb Code    60  stm32f1xx_hal_cortex.o(i.HAL_NVIC_SetPriority)
    HAL_NVIC_SetPriorityGrouping             0x0800066d   Thumb Code    26  stm32f1xx_hal_cortex.o(i.HAL_NVIC_SetPriorityGrouping)
    HAL_PCDEx_PMAConfig                      0x08000691   Thumb Code    60  stm32f1xx_hal_pcd_ex.o(i.HAL_PCDEx_PMAConfig)
    HAL_PCDEx_SetConnectionState             0x080006cd   Thumb Code     2  usbd_conf.o(i.HAL_PCDEx_SetConnectionState)
    HAL_PCD_DataInStageCallback              0x080006cf   Thumb Code    18  usbd_conf.o(i.HAL_PCD_DataInStageCallback)
    HAL_PCD_DataOutStageCallback             0x080006e1   Thumb Code    20  usbd_conf.o(i.HAL_PCD_DataOutStageCallback)
    HAL_PCD_EP_Close                         0x080006f5   Thumb Code    76  stm32f1xx_hal_pcd.o(i.HAL_PCD_EP_Close)
    HAL_PCD_EP_ClrStall                      0x08000741   Thumb Code    92  stm32f1xx_hal_pcd.o(i.HAL_PCD_EP_ClrStall)
    HAL_PCD_EP_Open                          0x08000bb3   Thumb Code    96  stm32f1xx_hal_pcd.o(i.HAL_PCD_EP_Open)
    HAL_PCD_EP_Receive                       0x08000c13   Thumb Code    50  stm32f1xx_hal_pcd.o(i.HAL_PCD_EP_Receive)
    HAL_PCD_EP_SetStall                      0x08000c45   Thumb Code   114  stm32f1xx_hal_pcd.o(i.HAL_PCD_EP_SetStall)
    HAL_PCD_EP_Transmit                      0x08000cb7   Thumb Code    52  stm32f1xx_hal_pcd.o(i.HAL_PCD_EP_Transmit)
    HAL_PCD_IRQHandler                       0x08000ceb   Thumb Code   340  stm32f1xx_hal_pcd.o(i.HAL_PCD_IRQHandler)
    HAL_PCD_Init                             0x08000e41   Thumb Code   218  stm32f1xx_hal_pcd.o(i.HAL_PCD_Init)
    HAL_PCD_MspInit                          0x08000f1d   Thumb Code    50  usbd_conf.o(i.HAL_PCD_MspInit)
    HAL_PCD_ResetCallback                    0x08000f59   Thumb Code    38  usbd_conf.o(i.HAL_PCD_ResetCallback)
    HAL_PCD_ResumeCallback                   0x08000f7f   Thumb Code     8  usbd_conf.o(i.HAL_PCD_ResumeCallback)
    HAL_PCD_SOFCallback                      0x08000f87   Thumb Code     8  usbd_conf.o(i.HAL_PCD_SOFCallback)
    HAL_PCD_SetAddress                       0x08000f8f   Thumb Code    40  stm32f1xx_hal_pcd.o(i.HAL_PCD_SetAddress)
    HAL_PCD_SetupStageCallback               0x08000fb7   Thumb Code    14  usbd_conf.o(i.HAL_PCD_SetupStageCallback)
    HAL_PCD_Start                            0x08000fc5   Thumb Code    50  stm32f1xx_hal_pcd.o(i.HAL_PCD_Start)
    HAL_PCD_SuspendCallback                  0x08000ff9   Thumb Code    30  usbd_conf.o(i.HAL_PCD_SuspendCallback)
    HAL_RCCEx_PeriphCLKConfig                0x0800101d   Thumb Code   224  stm32f1xx_hal_rcc_ex.o(i.HAL_RCCEx_PeriphCLKConfig)
    HAL_RCC_ClockConfig                      0x08001109   Thumb Code   280  stm32f1xx_hal_rcc.o(i.HAL_RCC_ClockConfig)
    HAL_RCC_GetPCLK1Freq                     0x08001235   Thumb Code    20  stm32f1xx_hal_rcc.o(i.HAL_RCC_GetPCLK1Freq)
    HAL_RCC_GetPCLK2Freq                     0x08001255   Thumb Code    20  stm32f1xx_hal_rcc.o(i.HAL_RCC_GetPCLK2Freq)
    HAL_RCC_GetSysClockFreq                  0x08001275   Thumb Code    74  stm32f1xx_hal_rcc.o(i.HAL_RCC_GetSysClockFreq)
    HAL_RCC_OscConfig                        0x080012e1   Thumb Code   778  stm32f1xx_hal_rcc.o(i.HAL_RCC_OscConfig)
    HAL_SYSTICK_Config                       0x08001601   Thumb Code    40  stm32f1xx_hal_cortex.o(i.HAL_SYSTICK_Config)
    HAL_UART_Init                            0x08001629   Thumb Code    98  stm32f1xx_hal_uart.o(i.HAL_UART_Init)
    HAL_UART_MspInit                         0x0800168d   Thumb Code   100  stm32f1xx_hal_msp.o(i.HAL_UART_MspInit)
    HAL_UART_Transmit                        0x080016fd   Thumb Code   178  stm32f1xx_hal_uart.o(i.HAL_UART_Transmit)
    HardFault_Handler                        0x080017af   Thumb Code     2  stm32f1xx_it.o(i.HardFault_Handler)
    MX_USB_DEVICE_Init                       0x080018a9   Thumb Code    52  usb_device.o(i.MX_USB_DEVICE_Init)
    MemManage_Handler                        0x080018e9   Thumb Code     2  stm32f1xx_it.o(i.MemManage_Handler)
    NMI_Handler                              0x080018eb   Thumb Code     2  stm32f1xx_it.o(i.NMI_Handler)
    PendSV_Handler                           0x08001c01   Thumb Code     2  stm32f1xx_it.o(i.PendSV_Handler)
    SVC_Handler                              0x08001c03   Thumb Code     2  stm32f1xx_it.o(i.SVC_Handler)
    SysTick_Handler                          0x08001c05   Thumb Code     4  stm32f1xx_it.o(i.SysTick_Handler)
    SystemClock_Config                       0x08001c09   Thumb Code   118  main.o(i.SystemClock_Config)
    SystemInit                               0x08001c7f   Thumb Code     2  system_stm32f1xx.o(i.SystemInit)
    USBD_ClrClassConfig                      0x08001d9d   Thumb Code    14  usbd_core.o(i.USBD_ClrClassConfig)
    USBD_CtlContinueRx                       0x08001dab   Thumb Code    16  usbd_ioreq.o(i.USBD_CtlContinueRx)
    USBD_CtlContinueSendData                 0x08001dbb   Thumb Code    16  usbd_ioreq.o(i.USBD_CtlContinueSendData)
    USBD_CtlError                            0x08001dcb   Thumb Code    22  usbd_ctlreq.o(i.USBD_CtlError)
    USBD_CtlReceiveStatus                    0x08001de1   Thumb Code    22  usbd_ioreq.o(i.USBD_CtlReceiveStatus)
    USBD_CtlSendData                         0x08001df7   Thumb Code    26  usbd_ioreq.o(i.USBD_CtlSendData)
    USBD_CtlSendStatus                       0x08001e11   Thumb Code    22  usbd_ioreq.o(i.USBD_CtlSendStatus)
    USBD_FS_ConfigStrDescriptor              0x08001e29   Thumb Code    16  usbd_desc.o(i.USBD_FS_ConfigStrDescriptor)
    USBD_FS_DeviceDescriptor                 0x08001e49   Thumb Code     8  usbd_desc.o(i.USBD_FS_DeviceDescriptor)
    USBD_FS_InterfaceStrDescriptor           0x08001e55   Thumb Code    16  usbd_desc.o(i.USBD_FS_InterfaceStrDescriptor)
    USBD_FS_LangIDStrDescriptor              0x08001e79   Thumb Code     8  usbd_desc.o(i.USBD_FS_LangIDStrDescriptor)
    USBD_FS_ManufacturerStrDescriptor        0x08001e85   Thumb Code    16  usbd_desc.o(i.USBD_FS_ManufacturerStrDescriptor)
    USBD_FS_ProductStrDescriptor             0x08001ead   Thumb Code    16  usbd_desc.o(i.USBD_FS_ProductStrDescriptor)
    USBD_FS_SerialStrDescriptor              0x08001ed5   Thumb Code    48  usbd_desc.o(i.USBD_FS_SerialStrDescriptor)
    USBD_GetString                           0x08001ff5   Thumb Code    72  usbd_ctlreq.o(i.USBD_GetString)
    USBD_HID_SendReport                      0x080020db   Thumb Code    36  usbd_hid.o(i.USBD_HID_SendReport)
    USBD_Init                                0x080021c9   Thumb Code    42  usbd_core.o(i.USBD_Init)
    USBD_LL_ClearStallEP                     0x080021f3   Thumb Code    18  usbd_conf.o(i.USBD_LL_ClearStallEP)
    USBD_LL_CloseEP                          0x08002205   Thumb Code    18  usbd_conf.o(i.USBD_LL_CloseEP)
    USBD_LL_DataInStage                      0x08002217   Thumb Code   198  usbd_core.o(i.USBD_LL_DataInStage)
    USBD_LL_DataOutStage                     0x080022dd   Thumb Code   130  usbd_core.o(i.USBD_LL_DataOutStage)
    USBD_LL_Init                             0x08002361   Thumb Code    94  usbd_conf.o(i.USBD_LL_Init)
    USBD_LL_IsStallEP                        0x080023c9   Thumb Code    32  usbd_conf.o(i.USBD_LL_IsStallEP)
    USBD_LL_OpenEP                           0x080023e9   Thumb Code    24  usbd_conf.o(i.USBD_LL_OpenEP)
    USBD_LL_PrepareReceive                   0x08002401   Thumb Code    18  usbd_conf.o(i.USBD_LL_PrepareReceive)
    USBD_LL_Reset                            0x08002413   Thumb Code    80  usbd_core.o(i.USBD_LL_Reset)
    USBD_LL_Resume                           0x08002463   Thumb Code    20  usbd_core.o(i.USBD_LL_Resume)
    USBD_LL_SOF                              0x08002477   Thumb Code    24  usbd_core.o(i.USBD_LL_SOF)
    USBD_LL_SetSpeed                         0x0800248f   Thumb Code     6  usbd_core.o(i.USBD_LL_SetSpeed)
    USBD_LL_SetUSBAddress                    0x08002495   Thumb Code    18  usbd_conf.o(i.USBD_LL_SetUSBAddress)
    USBD_LL_SetupStage                       0x080024a7   Thumb Code    90  usbd_core.o(i.USBD_LL_SetupStage)
    USBD_LL_StallEP                          0x08002501   Thumb Code    18  usbd_conf.o(i.USBD_LL_StallEP)
    USBD_LL_Start                            0x08002513   Thumb Code    18  usbd_conf.o(i.USBD_LL_Start)
    USBD_LL_Suspend                          0x08002525   Thumb Code    18  usbd_core.o(i.USBD_LL_Suspend)
    USBD_LL_Transmit                         0x08002537   Thumb Code    18  usbd_conf.o(i.USBD_LL_Transmit)
    USBD_ParseSetupRequest                   0x08002549   Thumb Code    40  usbd_ctlreq.o(i.USBD_ParseSetupRequest)
    USBD_RegisterClass                       0x08002571   Thumb Code    16  usbd_core.o(i.USBD_RegisterClass)
    USBD_SetClassConfig                      0x08002581   Thumb Code    22  usbd_core.o(i.USBD_SetClassConfig)
    USBD_Start                               0x0800261d   Thumb Code    10  usbd_core.o(i.USBD_Start)
    USBD_StdDevReq                           0x08002627   Thumb Code   274  usbd_ctlreq.o(i.USBD_StdDevReq)
    USBD_StdEPReq                            0x08002739   Thumb Code   336  usbd_ctlreq.o(i.USBD_StdEPReq)
    USBD_StdItfReq                           0x08002889   Thumb Code    78  usbd_ctlreq.o(i.USBD_StdItfReq)
    USBD_static_free                         0x080028d7   Thumb Code     2  usbd_conf.o(i.USBD_static_free)
    USBD_static_malloc                       0x080028d9   Thumb Code     4  usbd_conf.o(i.USBD_static_malloc)
    USB_ActivateEndpoint                     0x080028e1   Thumb Code   600  stm32f1xx_ll_usb.o(i.USB_ActivateEndpoint)
    USB_CoreInit                             0x08002b39   Thumb Code     4  stm32f1xx_ll_usb.o(i.USB_CoreInit)
    USB_DeactivateEndpoint                   0x08002b3d   Thumb Code   270  stm32f1xx_ll_usb.o(i.USB_DeactivateEndpoint)
    USB_DevConnect                           0x08002c4b   Thumb Code     4  stm32f1xx_ll_usb.o(i.USB_DevConnect)
    USB_DevDisconnect                        0x08002c4f   Thumb Code     4  stm32f1xx_ll_usb.o(i.USB_DevDisconnect)
    USB_DevInit                              0x08002c53   Thumb Code    18  stm32f1xx_ll_usb.o(i.USB_DevInit)
    USB_DisableGlobalInt                     0x08002c65   Thumb Code    14  stm32f1xx_ll_usb.o(i.USB_DisableGlobalInt)
    USB_EP0_OutStart                         0x08002c73   Thumb Code     4  stm32f1xx_ll_usb.o(i.USB_EP0_OutStart)
    USB_EPClearStall                         0x08002c77   Thumb Code   120  stm32f1xx_ll_usb.o(i.USB_EPClearStall)
    USB_EPSetStall                           0x08002cef   Thumb Code    50  stm32f1xx_ll_usb.o(i.USB_EPSetStall)
    USB_EPStartXfer                          0x08002d21   Thumb Code  1548  stm32f1xx_ll_usb.o(i.USB_EPStartXfer)
    USB_EnableGlobalInt                      0x0800332d   Thumb Code    18  stm32f1xx_ll_usb.o(i.USB_EnableGlobalInt)
    USB_LP_CAN1_RX0_IRQHandler               0x08003341   Thumb Code     6  stm32f1xx_it.o(i.USB_LP_CAN1_RX0_IRQHandler)
    USB_ReadInterrupts                       0x0800334d   Thumb Code     6  stm32f1xx_ll_usb.o(i.USB_ReadInterrupts)
    USB_ReadPMA                              0x08003355   Thumb Code    44  stm32f1xx_ll_usb.o(i.USB_ReadPMA)
    USB_SetCurrentMode                       0x08003381   Thumb Code     4  stm32f1xx_ll_usb.o(i.USB_SetCurrentMode)
    USB_SetDevAddress                        0x08003385   Thumb Code    12  stm32f1xx_ll_usb.o(i.USB_SetDevAddress)
    USB_WritePMA                             0x08003391   Thumb Code    38  stm32f1xx_ll_usb.o(i.USB_WritePMA)
    UsageFault_Handler                       0x080033b7   Thumb Code     2  stm32f1xx_it.o(i.UsageFault_Handler)
    clear_columns                            0x080033d9   Thumb Code   100  main.o(i.clear_columns)
    main                                     0x08003441   Thumb Code   774  main.o(i.main)
    toggle_column                            0x08003761   Thumb Code   118  main.o(i.toggle_column)
    AHBPrescTable                            0x080037e0   Data          16  system_stm32f1xx.o(.constdata)
    APBPrescTable                            0x080037f0   Data           8  system_stm32f1xx.o(.constdata)
    Region$$Table$$Base                      0x080037f8   Number         0  anon$$obj.o(Region$$Table)
    Region$$Table$$Limit                     0x08003818   Number         0  anon$$obj.o(Region$$Table)
    cl                                       0x20000000   Data           1  main.o(.data)
    lshift                                   0x20000001   Data           1  main.o(.data)
    rshift                                   0x20000002   Data           1  main.o(.data)
    lalt                                     0x20000003   Data           1  main.o(.data)
    ralt                                     0x20000004   Data           1  main.o(.data)
    lctrl                                    0x20000005   Data           1  main.o(.data)
    rctrl                                    0x20000006   Data           1  main.o(.data)
    lwin                                     0x20000007   Data           1  main.o(.data)
    rwin                                     0x20000008   Data           1  main.o(.data)
    fn                                       0x20000009   Data           1  main.o(.data)
    kbhid                                    0x2000000a   Data           8  main.o(.data)
    val_matrix                               0x20000012   Data          72  main.o(.data)
    fn_matrix                                0x2000005a   Data          72  main.o(.data)
    str_matrix                               0x200000a2   Data          72  main.o(.data)
    shift_matrix                             0x200000ea   Data          72  main.o(.data)
    FS_Desc                                  0x20000134   Data          28  usbd_desc.o(.data)
    USBD_LangIDDesc                          0x20000150   Data           4  usbd_desc.o(.data)
    USBD_FS_DeviceDesc                       0x20000154   Data          18  usbd_desc.o(.data)
    USBD_StringSerial                        0x20000168   Data          26  usbd_desc.o(.data)
    uwTickFreq                               0x20000184   Data           1  stm32f1xx_hal.o(.data)
    uwTickPrio                               0x20000188   Data           4  stm32f1xx_hal.o(.data)
    uwTick                                   0x2000018c   Data           4  stm32f1xx_hal.o(.data)
    SystemCoreClock                          0x20000190   Data           4  system_stm32f1xx.o(.data)
    USBD_HID                                 0x20000198   Data          56  usbd_hid.o(.data)
    press_matrix                             0x20000294   Data          72  main.o(.bss)
    kb_matrix                                0x200002dc   Data         144  main.o(.bss)
    huart1                                   0x2000036c   Data          68  main.o(.bss)
    hUsbDeviceFS                             0x200003b0   Data         708  usb_device.o(.bss)
    USBD_StrDesc                             0x20000674   Data         512  usbd_desc.o(.bss)
    hpcd_USB_FS                              0x20000888   Data         748  usbd_conf.o(.bss)
    __libspace_start                         0x20000b74   Data          96  libspace.o(.bss)
    __temporary_stack_top$libspace           0x20000bd4   Data           0  libspace.o(.bss)



==============================================================================

Memory Map of the image

  Image Entry point : 0x080000ed

  Load Region LR_IROM1 (Base: 0x08000000, Size: 0x00003aac, Max: 0x00010000, ABSOLUTE, COMPRESSED[0x000039dc])

    Execution Region ER_IROM1 (Base: 0x08000000, Size: 0x00003818, Max: 0x00010000, ABSOLUTE)

    Base Addr    Size         Type   Attr      Idx    E Section Name        Object

    0x08000000   0x000000ec   Data   RO            3    RESET               startup_stm32f103xb.o
    0x080000ec   0x00000008   Code   RO         2882  * !!!main             c_w.l(__main.o)
    0x080000f4   0x00000034   Code   RO         3041    !!!scatter          c_w.l(__scatter.o)
    0x08000128   0x0000005a   Code   RO         3039    !!dczerorl2         c_w.l(__dczerorl2.o)
    0x08000182   0x00000002   PAD
    0x08000184   0x0000001c   Code   RO         3043    !!handler_zi        c_w.l(__scatter_zi.o)
    0x080001a0   0x00000002   Code   RO         2909    .ARM.Collect$$libinit$$00000000  c_w.l(libinit.o)
    0x080001a2   0x00000000   Code   RO         2916    .ARM.Collect$$libinit$$00000002  c_w.l(libinit2.o)
    0x080001a2   0x00000000   Code   RO         2918    .ARM.Collect$$libinit$$00000004  c_w.l(libinit2.o)
    0x080001a2   0x00000000   Code   RO         2921    .ARM.Collect$$libinit$$0000000A  c_w.l(libinit2.o)
    0x080001a2   0x00000000   Code   RO         2923    .ARM.Collect$$libinit$$0000000C  c_w.l(libinit2.o)
    0x080001a2   0x00000000   Code   RO         2925    .ARM.Collect$$libinit$$0000000E  c_w.l(libinit2.o)
    0x080001a2   0x00000000   Code   RO         2928    .ARM.Collect$$libinit$$00000011  c_w.l(libinit2.o)
    0x080001a2   0x00000000   Code   RO         2930    .ARM.Collect$$libinit$$00000013  c_w.l(libinit2.o)
    0x080001a2   0x00000000   Code   RO         2932    .ARM.Collect$$libinit$$00000015  c_w.l(libinit2.o)
    0x080001a2   0x00000000   Code   RO         2934    .ARM.Collect$$libinit$$00000017  c_w.l(libinit2.o)
    0x080001a2   0x00000000   Code   RO         2936    .ARM.Collect$$libinit$$00000019  c_w.l(libinit2.o)
    0x080001a2   0x00000000   Code   RO         2938    .ARM.Collect$$libinit$$0000001B  c_w.l(libinit2.o)
    0x080001a2   0x00000000   Code   RO         2940    .ARM.Collect$$libinit$$0000001D  c_w.l(libinit2.o)
    0x080001a2   0x00000000   Code   RO         2942    .ARM.Collect$$libinit$$0000001F  c_w.l(libinit2.o)
    0x080001a2   0x00000000   Code   RO         2944    .ARM.Collect$$libinit$$00000021  c_w.l(libinit2.o)
    0x080001a2   0x00000000   Code   RO         2946    .ARM.Collect$$libinit$$00000023  c_w.l(libinit2.o)
    0x080001a2   0x00000000   Code   RO         2948    .ARM.Collect$$libinit$$00000025  c_w.l(libinit2.o)
    0x080001a2   0x00000000   Code   RO         2952    .ARM.Collect$$libinit$$0000002C  c_w.l(libinit2.o)
    0x080001a2   0x00000000   Code   RO         2954    .ARM.Collect$$libinit$$0000002E  c_w.l(libinit2.o)
    0x080001a2   0x00000000   Code   RO         2956    .ARM.Collect$$libinit$$00000030  c_w.l(libinit2.o)
    0x080001a2   0x00000000   Code   RO         2958    .ARM.Collect$$libinit$$00000032  c_w.l(libinit2.o)
    0x080001a2   0x00000002   Code   RO         2959    .ARM.Collect$$libinit$$00000033  c_w.l(libinit2.o)
    0x080001a4   0x00000002   Code   RO         2979    .ARM.Collect$$libshutdown$$00000000  c_w.l(libshutdown.o)
    0x080001a6   0x00000000   Code   RO         2992    .ARM.Collect$$libshutdown$$00000002  c_w.l(libshutdown2.o)
    0x080001a6   0x00000000   Code   RO         2994    .ARM.Collect$$libshutdown$$00000004  c_w.l(libshutdown2.o)
    0x080001a6   0x00000000   Code   RO         2997    .ARM.Collect$$libshutdown$$00000007  c_w.l(libshutdown2.o)
    0x080001a6   0x00000000   Code   RO         3000    .ARM.Collect$$libshutdown$$0000000A  c_w.l(libshutdown2.o)
    0x080001a6   0x00000000   Code   RO         3002    .ARM.Collect$$libshutdown$$0000000C  c_w.l(libshutdown2.o)
    0x080001a6   0x00000000   Code   RO         3005    .ARM.Collect$$libshutdown$$0000000F  c_w.l(libshutdown2.o)
    0x080001a6   0x00000002   Code   RO         3006    .ARM.Collect$$libshutdown$$00000010  c_w.l(libshutdown2.o)
    0x080001a8   0x00000000   Code   RO         2884    .ARM.Collect$$rtentry$$00000000  c_w.l(__rtentry.o)
    0x080001a8   0x00000000   Code   RO         2886    .ARM.Collect$$rtentry$$00000002  c_w.l(__rtentry2.o)
    0x080001a8   0x00000006   Code   RO         2898    .ARM.Collect$$rtentry$$00000004  c_w.l(__rtentry4.o)
    0x080001ae   0x00000000   Code   RO         2888    .ARM.Collect$$rtentry$$00000009  c_w.l(__rtentry2.o)
    0x080001ae   0x00000004   Code   RO         2889    .ARM.Collect$$rtentry$$0000000A  c_w.l(__rtentry2.o)
    0x080001b2   0x00000000   Code   RO         2891    .ARM.Collect$$rtentry$$0000000C  c_w.l(__rtentry2.o)
    0x080001b2   0x00000008   Code   RO         2892    .ARM.Collect$$rtentry$$0000000D  c_w.l(__rtentry2.o)
    0x080001ba   0x00000002   Code   RO         2913    .ARM.Collect$$rtexit$$00000000  c_w.l(rtexit.o)
    0x080001bc   0x00000000   Code   RO         2961    .ARM.Collect$$rtexit$$00000002  c_w.l(rtexit2.o)
    0x080001bc   0x00000004   Code   RO         2962    .ARM.Collect$$rtexit$$00000003  c_w.l(rtexit2.o)
    0x080001c0   0x00000006   Code   RO         2963    .ARM.Collect$$rtexit$$00000004  c_w.l(rtexit2.o)
    0x080001c6   0x00000002   PAD
    0x080001c8   0x00000040   Code   RO            4    .text               startup_stm32f103xb.o
    0x08000208   0x00000064   Code   RO         2876    .text               c_w.l(rt_memcpy_w.o)
    0x0800026c   0x0000004e   Code   RO         2878    .text               c_w.l(rt_memclr_w.o)
    0x080002ba   0x00000006   Code   RO         2880    .text               c_w.l(heapauxi.o)
    0x080002c0   0x0000004a   Code   RO         2900    .text               c_w.l(sys_stackheap_outer.o)
    0x0800030a   0x00000012   Code   RO         2902    .text               c_w.l(exit.o)
    0x0800031c   0x00000008   Code   RO         2910    .text               c_w.l(libspace.o)
    0x08000324   0x0000000c   Code   RO         2971    .text               c_w.l(sys_exit.o)
    0x08000330   0x00000002   Code   RO         2982    .text               c_w.l(use_no_semi.o)
    0x08000332   0x00000000   Code   RO         2984    .text               c_w.l(indicate_semi.o)
    0x08000332   0x00000002   Code   RO          193    i.BusFault_Handler  stm32f1xx_it.o
    0x08000334   0x00000002   Code   RO          194    i.DebugMon_Handler  stm32f1xx_it.o
    0x08000336   0x00000004   Code   RO           13    i.Error_Handler     main.o
    0x0800033a   0x00000002   PAD
    0x0800033c   0x00000024   Code   RO         1136    i.HAL_Delay         stm32f1xx_hal.o
    0x08000360   0x000001e0   Code   RO         1444    i.HAL_GPIO_Init     stm32f1xx_hal_gpio.o
    0x08000540   0x0000000a   Code   RO         1446    i.HAL_GPIO_ReadPin  stm32f1xx_hal_gpio.o
    0x0800054a   0x0000000a   Code   RO         1448    i.HAL_GPIO_WritePin  stm32f1xx_hal_gpio.o
    0x08000554   0x0000000c   Code   RO         1140    i.HAL_GetTick       stm32f1xx_hal.o
    0x08000560   0x00000010   Code   RO         1146    i.HAL_IncTick       stm32f1xx_hal.o
    0x08000570   0x00000024   Code   RO         1147    i.HAL_Init          stm32f1xx_hal.o
    0x08000594   0x00000040   Code   RO         1148    i.HAL_InitTick      stm32f1xx_hal.o
    0x080005d4   0x0000003c   Code   RO          275    i.HAL_MspInit       stm32f1xx_hal_msp.o
    0x08000610   0x0000001a   Code   RO         1604    i.HAL_NVIC_EnableIRQ  stm32f1xx_hal_cortex.o
    0x0800062a   0x00000002   PAD
    0x0800062c   0x00000040   Code   RO         1610    i.HAL_NVIC_SetPriority  stm32f1xx_hal_cortex.o
    0x0800066c   0x00000024   Code   RO         1611    i.HAL_NVIC_SetPriorityGrouping  stm32f1xx_hal_cortex.o
    0x08000690   0x0000003c   Code   RO          909    i.HAL_PCDEx_PMAConfig  stm32f1xx_hal_pcd_ex.o
    0x080006cc   0x00000002   Code   RO          428    i.HAL_PCDEx_SetConnectionState  usbd_conf.o
    0x080006ce   0x00000012   Code   RO          430    i.HAL_PCD_DataInStageCallback  usbd_conf.o
    0x080006e0   0x00000014   Code   RO          431    i.HAL_PCD_DataOutStageCallback  usbd_conf.o
    0x080006f4   0x0000004c   Code   RO          685    i.HAL_PCD_EP_Close  stm32f1xx_hal_pcd.o
    0x08000740   0x0000005c   Code   RO          686    i.HAL_PCD_EP_ClrStall  stm32f1xx_hal_pcd.o
    0x0800079c   0x000000e6   Code   RO          687    i.HAL_PCD_EP_DB_Receive  stm32f1xx_hal_pcd.o
    0x08000882   0x00000330   Code   RO          688    i.HAL_PCD_EP_DB_Transmit  stm32f1xx_hal_pcd.o
    0x08000bb2   0x00000060   Code   RO          691    i.HAL_PCD_EP_Open   stm32f1xx_hal_pcd.o
    0x08000c12   0x00000032   Code   RO          692    i.HAL_PCD_EP_Receive  stm32f1xx_hal_pcd.o
    0x08000c44   0x00000072   Code   RO          693    i.HAL_PCD_EP_SetStall  stm32f1xx_hal_pcd.o
    0x08000cb6   0x00000034   Code   RO          694    i.HAL_PCD_EP_Transmit  stm32f1xx_hal_pcd.o
    0x08000cea   0x00000154   Code   RO          696    i.HAL_PCD_IRQHandler  stm32f1xx_hal_pcd.o
    0x08000e3e   0x00000002   PAD
    0x08000e40   0x000000da   Code   RO          699    i.HAL_PCD_Init      stm32f1xx_hal_pcd.o
    0x08000f1a   0x00000002   PAD
    0x08000f1c   0x0000003c   Code   RO          436    i.HAL_PCD_MspInit   usbd_conf.o
    0x08000f58   0x00000026   Code   RO          437    i.HAL_PCD_ResetCallback  usbd_conf.o
    0x08000f7e   0x00000008   Code   RO          438    i.HAL_PCD_ResumeCallback  usbd_conf.o
    0x08000f86   0x00000008   Code   RO          439    i.HAL_PCD_SOFCallback  usbd_conf.o
    0x08000f8e   0x00000028   Code   RO          705    i.HAL_PCD_SetAddress  stm32f1xx_hal_pcd.o
    0x08000fb6   0x0000000e   Code   RO          440    i.HAL_PCD_SetupStageCallback  usbd_conf.o
    0x08000fc4   0x00000032   Code   RO          707    i.HAL_PCD_Start     stm32f1xx_hal_pcd.o
    0x08000ff6   0x00000002   PAD
    0x08000ff8   0x00000024   Code   RO          441    i.HAL_PCD_SuspendCallback  usbd_conf.o
    0x0800101c   0x000000ec   Code   RO         1407    i.HAL_RCCEx_PeriphCLKConfig  stm32f1xx_hal_rcc_ex.o
    0x08001108   0x0000012c   Code   RO         1304    i.HAL_RCC_ClockConfig  stm32f1xx_hal_rcc.o
    0x08001234   0x00000020   Code   RO         1311    i.HAL_RCC_GetPCLK1Freq  stm32f1xx_hal_rcc.o
    0x08001254   0x00000020   Code   RO         1312    i.HAL_RCC_GetPCLK2Freq  stm32f1xx_hal_rcc.o
    0x08001274   0x0000006c   Code   RO         1313    i.HAL_RCC_GetSysClockFreq  stm32f1xx_hal_rcc.o
    0x080012e0   0x00000320   Code   RO         1316    i.HAL_RCC_OscConfig  stm32f1xx_hal_rcc.o
    0x08001600   0x00000028   Code   RO         1615    i.HAL_SYSTICK_Config  stm32f1xx_hal_cortex.o
    0x08001628   0x00000062   Code   RO         2169    i.HAL_UART_Init     stm32f1xx_hal_uart.o
    0x0800168a   0x00000002   PAD
    0x0800168c   0x00000070   Code   RO          277    i.HAL_UART_MspInit  stm32f1xx_hal_msp.o
    0x080016fc   0x000000b2   Code   RO         2177    i.HAL_UART_Transmit  stm32f1xx_hal_uart.o
    0x080017ae   0x00000002   Code   RO          195    i.HardFault_Handler  stm32f1xx_it.o
    0x080017b0   0x00000038   Code   RO          342    i.IntToUnicode      usbd_desc.o
    0x080017e8   0x000000c0   Code   RO           14    i.MX_GPIO_Init      main.o
    0x080018a8   0x00000040   Code   RO          311    i.MX_USB_DEVICE_Init  usb_device.o
    0x080018e8   0x00000002   Code   RO          196    i.MemManage_Handler  stm32f1xx_it.o
    0x080018ea   0x00000002   Code   RO          197    i.NMI_Handler       stm32f1xx_it.o
    0x080018ec   0x00000314   Code   RO          711    i.PCD_EP_ISR_Handler  stm32f1xx_hal_pcd.o
    0x08001c00   0x00000002   Code   RO          198    i.PendSV_Handler    stm32f1xx_it.o
    0x08001c02   0x00000002   Code   RO          199    i.SVC_Handler       stm32f1xx_it.o
    0x08001c04   0x00000004   Code   RO          200    i.SysTick_Handler   stm32f1xx_it.o
    0x08001c08   0x00000076   Code   RO           15    i.SystemClock_Config  main.o
    0x08001c7e   0x00000002   Code   RO         2498    i.SystemInit        system_stm32f1xx.o
    0x08001c80   0x000000b8   Code   RO         2195    i.UART_SetConfig    stm32f1xx_hal_uart.o
    0x08001d38   0x00000064   Code   RO         2198    i.UART_WaitOnFlagUntilTimeout  stm32f1xx_hal_uart.o
    0x08001d9c   0x0000000e   Code   RO         2535    i.USBD_ClrClassConfig  usbd_core.o
    0x08001daa   0x00000010   Code   RO         2738    i.USBD_CtlContinueRx  usbd_ioreq.o
    0x08001dba   0x00000010   Code   RO         2739    i.USBD_CtlContinueSendData  usbd_ioreq.o
    0x08001dca   0x00000016   Code   RO         2673    i.USBD_CtlError     usbd_ctlreq.o
    0x08001de0   0x00000016   Code   RO         2741    i.USBD_CtlReceiveStatus  usbd_ioreq.o
    0x08001df6   0x0000001a   Code   RO         2742    i.USBD_CtlSendData  usbd_ioreq.o
    0x08001e10   0x00000016   Code   RO         2743    i.USBD_CtlSendStatus  usbd_ioreq.o
    0x08001e26   0x00000002   PAD
    0x08001e28   0x00000020   Code   RO          343    i.USBD_FS_ConfigStrDescriptor  usbd_desc.o
    0x08001e48   0x0000000c   Code   RO          344    i.USBD_FS_DeviceDescriptor  usbd_desc.o
    0x08001e54   0x00000024   Code   RO          345    i.USBD_FS_InterfaceStrDescriptor  usbd_desc.o
    0x08001e78   0x0000000c   Code   RO          346    i.USBD_FS_LangIDStrDescriptor  usbd_desc.o
    0x08001e84   0x00000028   Code   RO          347    i.USBD_FS_ManufacturerStrDescriptor  usbd_desc.o
    0x08001eac   0x00000028   Code   RO          348    i.USBD_FS_ProductStrDescriptor  usbd_desc.o
    0x08001ed4   0x00000038   Code   RO          349    i.USBD_FS_SerialStrDescriptor  usbd_desc.o
    0x08001f0c   0x000000e8   Code   RO         2674    i.USBD_GetDescriptor  usbd_ctlreq.o
    0x08001ff4   0x00000048   Code   RO         2675    i.USBD_GetString    usbd_ctlreq.o
    0x0800203c   0x00000018   Code   RO          442    i.USBD_Get_USB_Status  usbd_conf.o
    0x08002054   0x0000000c   Code   RO         2798    i.USBD_HID_DataIn   usbd_hid.o
    0x08002060   0x00000020   Code   RO         2799    i.USBD_HID_DeInit   usbd_hid.o
    0x08002080   0x0000000c   Code   RO         2800    i.USBD_HID_GetDeviceQualifierDesc  usbd_hid.o
    0x0800208c   0x0000000c   Code   RO         2801    i.USBD_HID_GetFSCfgDesc  usbd_hid.o
    0x08002098   0x0000000c   Code   RO         2802    i.USBD_HID_GetHSCfgDesc  usbd_hid.o
    0x080020a4   0x0000000c   Code   RO         2803    i.USBD_HID_GetOtherSpeedCfgDesc  usbd_hid.o
    0x080020b0   0x0000002a   Code   RO         2805    i.USBD_HID_Init     usbd_hid.o
    0x080020da   0x00000024   Code   RO         2806    i.USBD_HID_SendReport  usbd_hid.o
    0x080020fe   0x00000002   PAD
    0x08002100   0x000000c8   Code   RO         2807    i.USBD_HID_Setup    usbd_hid.o
    0x080021c8   0x0000002a   Code   RO         2537    i.USBD_Init         usbd_core.o
    0x080021f2   0x00000012   Code   RO          443    i.USBD_LL_ClearStallEP  usbd_conf.o
    0x08002204   0x00000012   Code   RO          444    i.USBD_LL_CloseEP   usbd_conf.o
    0x08002216   0x000000c6   Code   RO         2538    i.USBD_LL_DataInStage  usbd_core.o
    0x080022dc   0x00000082   Code   RO         2539    i.USBD_LL_DataOutStage  usbd_core.o
    0x0800235e   0x00000002   PAD
    0x08002360   0x00000068   Code   RO          449    i.USBD_LL_Init      usbd_conf.o
    0x080023c8   0x00000020   Code   RO          450    i.USBD_LL_IsStallEP  usbd_conf.o
    0x080023e8   0x00000018   Code   RO          451    i.USBD_LL_OpenEP    usbd_conf.o
    0x08002400   0x00000012   Code   RO          452    i.USBD_LL_PrepareReceive  usbd_conf.o
    0x08002412   0x00000050   Code   RO         2544    i.USBD_LL_Reset     usbd_core.o
    0x08002462   0x00000014   Code   RO         2545    i.USBD_LL_Resume    usbd_core.o
    0x08002476   0x00000018   Code   RO         2546    i.USBD_LL_SOF       usbd_core.o
    0x0800248e   0x00000006   Code   RO         2547    i.USBD_LL_SetSpeed  usbd_core.o
    0x08002494   0x00000012   Code   RO          453    i.USBD_LL_SetUSBAddress  usbd_conf.o
    0x080024a6   0x0000005a   Code   RO         2548    i.USBD_LL_SetupStage  usbd_core.o
    0x08002500   0x00000012   Code   RO          454    i.USBD_LL_StallEP   usbd_conf.o
    0x08002512   0x00000012   Code   RO          455    i.USBD_LL_Start     usbd_conf.o
    0x08002524   0x00000012   Code   RO         2549    i.USBD_LL_Suspend   usbd_core.o
    0x08002536   0x00000012   Code   RO          457    i.USBD_LL_Transmit  usbd_conf.o
    0x08002548   0x00000028   Code   RO         2676    i.USBD_ParseSetupRequest  usbd_ctlreq.o
    0x08002570   0x00000010   Code   RO         2550    i.USBD_RegisterClass  usbd_core.o
    0x08002580   0x00000016   Code   RO         2552    i.USBD_SetClassConfig  usbd_core.o
    0x08002596   0x00000002   PAD
    0x08002598   0x00000084   Code   RO         2677    i.USBD_SetConfig    usbd_ctlreq.o
    0x0800261c   0x0000000a   Code   RO         2553    i.USBD_Start        usbd_core.o
    0x08002626   0x00000112   Code   RO         2678    i.USBD_StdDevReq    usbd_ctlreq.o
    0x08002738   0x00000150   Code   RO         2679    i.USBD_StdEPReq     usbd_ctlreq.o
    0x08002888   0x0000004e   Code   RO         2680    i.USBD_StdItfReq    usbd_ctlreq.o
    0x080028d6   0x00000002   Code   RO          458    i.USBD_static_free  usbd_conf.o
    0x080028d8   0x00000008   Code   RO          459    i.USBD_static_malloc  usbd_conf.o
    0x080028e0   0x00000258   Code   RO          949    i.USB_ActivateEndpoint  stm32f1xx_ll_usb.o
    0x08002b38   0x00000004   Code   RO          952    i.USB_CoreInit      stm32f1xx_ll_usb.o
    0x08002b3c   0x0000010e   Code   RO          954    i.USB_DeactivateEndpoint  stm32f1xx_ll_usb.o
    0x08002c4a   0x00000004   Code   RO          955    i.USB_DevConnect    stm32f1xx_ll_usb.o
    0x08002c4e   0x00000004   Code   RO          956    i.USB_DevDisconnect  stm32f1xx_ll_usb.o
    0x08002c52   0x00000012   Code   RO          957    i.USB_DevInit       stm32f1xx_ll_usb.o
    0x08002c64   0x0000000e   Code   RO          958    i.USB_DisableGlobalInt  stm32f1xx_ll_usb.o
    0x08002c72   0x00000004   Code   RO          959    i.USB_EP0_OutStart  stm32f1xx_ll_usb.o
    0x08002c76   0x00000078   Code   RO          960    i.USB_EPClearStall  stm32f1xx_ll_usb.o
    0x08002cee   0x00000032   Code   RO          961    i.USB_EPSetStall    stm32f1xx_ll_usb.o
    0x08002d20   0x0000060c   Code   RO          962    i.USB_EPStartXfer   stm32f1xx_ll_usb.o
    0x0800332c   0x00000012   Code   RO          963    i.USB_EnableGlobalInt  stm32f1xx_ll_usb.o
    0x0800333e   0x00000002   PAD
    0x08003340   0x0000000c   Code   RO          201    i.USB_LP_CAN1_RX0_IRQHandler  stm32f1xx_it.o
    0x0800334c   0x00000006   Code   RO          970    i.USB_ReadInterrupts  stm32f1xx_ll_usb.o
    0x08003352   0x00000002   PAD
    0x08003354   0x0000002c   Code   RO          971    i.USB_ReadPMA       stm32f1xx_ll_usb.o
    0x08003380   0x00000004   Code   RO          972    i.USB_SetCurrentMode  stm32f1xx_ll_usb.o
    0x08003384   0x0000000c   Code   RO          973    i.USB_SetDevAddress  stm32f1xx_ll_usb.o
    0x08003390   0x00000026   Code   RO          975    i.USB_WritePMA      stm32f1xx_ll_usb.o
    0x080033b6   0x00000002   Code   RO          202    i.UsageFault_Handler  stm32f1xx_it.o
    0x080033b8   0x00000020   Code   RO         1617    i.__NVIC_SetPriority  stm32f1xx_hal_cortex.o
    0x080033d8   0x00000068   Code   RO           16    i.clear_columns     main.o
    0x08003440   0x00000320   Code   RO           17    i.main              main.o
    0x08003760   0x00000080   Code   RO           18    i.toggle_column     main.o
    0x080037e0   0x00000010   Data   RO         2499    .constdata          system_stm32f1xx.o
    0x080037f0   0x00000008   Data   RO         2500    .constdata          system_stm32f1xx.o
    0x080037f8   0x00000020   Data   RO         3037    Region$$Table       anon$$obj.o


    Execution Region RW_IRAM1 (Base: 0x20000000, Size: 0x000011d8, Max: 0x00005000, ABSOLUTE, COMPRESSED[0x000001c4])

    Base Addr    Size         Type   Attr      Idx    E Section Name        Object

    0x20000000   0x00000132   Data   RW           20    .data               main.o
    0x20000132   0x00000002   PAD
    0x20000134   0x0000001c   Data   RW          351    .data               usbd_desc.o
    0x20000150   0x00000032   Data   RW          352    .data               usbd_desc.o
    0x20000182   0x00000002   PAD
    0x20000184   0x0000000c   Data   RW         1154    .data               stm32f1xx_hal.o
    0x20000190   0x00000004   Data   RW         2501    .data               system_stm32f1xx.o
    0x20000194   0x00000001   Data   RW         2681    .data               usbd_ctlreq.o
    0x20000195   0x00000003   PAD
    0x20000198   0x00000038   Data   RW         2808    .data               usbd_hid.o
    0x200001d0   0x000000c3   Data   RW         2809    .data               usbd_hid.o
    0x20000293   0x00000001   PAD
    0x20000294   0x0000011c   Zero   RW           19    .bss                main.o
    0x200003b0   0x000002c4   Zero   RW          312    .bss                usb_device.o
    0x20000674   0x00000200   Zero   RW          350    .bss                usbd_desc.o
    0x20000874   0x00000300   Zero   RW          460    .bss                usbd_conf.o
    0x20000b74   0x00000060   Zero   RW         2911    .bss                c_w.l(libspace.o)
    0x20000bd4   0x00000004   PAD
    0x20000bd8   0x00000200   Zero   RW            2    HEAP                startup_stm32f103xb.o
    0x20000dd8   0x00000400   Zero   RW            1    STACK               startup_stm32f103xb.o


==============================================================================

Image component sizes


      Code (inc. data)   RO Data    RW Data    ZI Data      Debug   Object Name

      1346         56          0        306        284     415596   main.o
        64         26        236          0       1536        784   startup_stm32f103xb.o
       164         28          0         12          0       5697   stm32f1xx_hal.o
       198         14          0          0          0      28779   stm32f1xx_hal_cortex.o
       500         34          0          0          0       3407   stm32f1xx_hal_gpio.o
       172         20          0          0          0       1485   stm32f1xx_hal_msp.o
      2962          0          0          0          0      12913   stm32f1xx_hal_pcd.o
        60          0          0          0          0       1122   stm32f1xx_hal_pcd_ex.o
      1272        100          0          0          0       5040   stm32f1xx_hal_rcc.o
       236         12          0          0          0       1332   stm32f1xx_hal_rcc_ex.o
       560          6          0          0          0       3808   stm32f1xx_hal_uart.o
        32          6          0          0          0       4063   stm32f1xx_it.o
      2758          0          0          0          0      16103   stm32f1xx_ll_usb.o
         2          0         24          4          0       1035   system_stm32f1xx.o
        64         12          0          0        708        728   usb_device.o
       524         30          0          0        768      13013   usbd_conf.o
       670          0          0          0          0       9095   usbd_core.o
      1186         28          0          1          0       7688   usbd_ctlreq.o
       284        100          0         78        512       5657   usbd_desc.o
       370         20          0        251          0       7469   usbd_hid.o
       102          0          0          0          0       3496   usbd_ioreq.o

    ----------------------------------------------------------------------
     13550        492        292        660       3808     548310   Object Totals
         0          0         32          0          0          0   (incl. Generated)
        24          0          0          8          0          0   (incl. Padding)

    ----------------------------------------------------------------------

      Code (inc. data)   RO Data    RW Data    ZI Data      Debug   Library Member Name

        90          0          0          0          0          0   __dczerorl2.o
         8          0          0          0          0         68   __main.o
         0          0          0          0          0          0   __rtentry.o
        12          0          0          0          0          0   __rtentry2.o
         6          0          0          0          0          0   __rtentry4.o
        52          8          0          0          0          0   __scatter.o
        28          0          0          0          0          0   __scatter_zi.o
        18          0          0          0          0         80   exit.o
         6          0          0          0          0        152   heapauxi.o
         0          0          0          0          0          0   indicate_semi.o
         2          0          0          0          0          0   libinit.o
         2          0          0          0          0          0   libinit2.o
         2          0          0          0          0          0   libshutdown.o
         2          0          0          0          0          0   libshutdown2.o
         8          4          0          0         96         68   libspace.o
        78          0          0          0          0         80   rt_memclr_w.o
       100          0          0          0          0         80   rt_memcpy_w.o
         2          0          0          0          0          0   rtexit.o
        10          0          0          0          0          0   rtexit2.o
        12          4          0          0          0         68   sys_exit.o
        74          0          0          0          0         80   sys_stackheap_outer.o
         2          0          0          0          0         68   use_no_semi.o

    ----------------------------------------------------------------------
       518         16          0          0        100        744   Library Totals
         4          0          0          0          4          0   (incl. Padding)

    ----------------------------------------------------------------------

      Code (inc. data)   RO Data    RW Data    ZI Data      Debug   Library Name

       514         16          0          0         96        744   c_w.l

    ----------------------------------------------------------------------
       518         16          0          0        100        744   Library Totals

    ----------------------------------------------------------------------

==============================================================================


      Code (inc. data)   RO Data    RW Data    ZI Data      Debug   

     14068        508        292        660       3908     541874   Grand Totals
     14068        508        292        452       3908     541874   ELF Image Totals (compressed)
     14068        508        292        452          0          0   ROM Totals

==============================================================================

    Total RO  Size (Code + RO Data)                14360 (  14.02kB)
    Total RW  Size (RW Data + ZI Data)              4568 (   4.46kB)
    Total ROM Size (Code + RO Data + RW Data)      14812 (  14.46kB)

==============================================================================

